35.2.105.114 - - [03/Nov/2014:20:24:29 -0500] "GET /static/css/bootstrap-3.2.0-dist/css/bootstrap.min.css HTTP/1.1" 304 - "http://eecs485-02.eecs.umich.edu:5616/search?q=white" "Mozilla/5.0 (Macintosh; Intel Mac OS X 10_10_0) AppleWebKit/537.36 (KHTML, like Gecko) Chrome/38.0.2125.111 Safari/537.36"
35.2.105.114 - - [03/Nov/2014:20:24:29 -0500] "GET /static/css/style.css HTTP/1.1" 304 - "http://eecs485-02.eecs.umich.edu:5616/search?q=white" "Mozilla/5.0 (Macintosh; Intel Mac OS X 10_10_0) AppleWebKit/537.36 (KHTML, like Gecko) Chrome/38.0.2125.111 Safari/537.36"
35.2.105.114 - - [03/Nov/2014:20:24:29 -0500] "GET /static/flickr-images/197.jpg HTTP/1.1" 304 - "http://eecs485-02.eecs.umich.edu:5616/search?q=white" "Mozilla/5.0 (Macintosh; Intel Mac OS X 10_10_0) AppleWebKit/537.36 (KHTML, like Gecko) Chrome/38.0.2125.111 Safari/537.36"
35.2.105.114 - - [03/Nov/2014:20:24:29 -0500] "GET /static/flickr-images/199.jpg HTTP/1.1" 304 - "http://eecs485-02.eecs.umich.edu:5616/search?q=white" "Mozilla/5.0 (Macintosh; Intel Mac OS X 10_10_0) AppleWebKit/537.36 (KHTML, like Gecko) Chrome/38.0.2125.111 Safari/537.36"
35.2.105.114 - - [03/Nov/2014:20:24:29 -0500] "GET /static/flickr-images/200.jpg HTTP/1.1" 304 - "http://eecs485-02.eecs.umich.edu:5616/search?q=white" "Mozilla/5.0 (Macintosh; Intel Mac OS X 10_10_0) AppleWebKit/537.36 (KHTML, like Gecko) Chrome/38.0.2125.111 Safari/537.36"
35.2.105.114 - - [03/Nov/2014:20:24:29 -0500] "GET /static/js/main.js HTTP/1.1" 304 - "http://eecs485-02.eecs.umich.edu:5616/search?q=white" "Mozilla/5.0 (Macintosh; Intel Mac OS X 10_10_0) AppleWebKit/537.36 (KHTML, like Gecko) Chrome/38.0.2125.111 Safari/537.36"
35.2.105.114 - - [03/Nov/2014:20:24:29 -0500] "GET /static/flickr-images/178.jpg HTTP/1.1" 304 - "http://eecs485-02.eecs.umich.edu:5616/search?q=white" "Mozilla/5.0 (Macintosh; Intel Mac OS X 10_10_0) AppleWebKit/537.36 (KHTML, like Gecko) Chrome/38.0.2125.111 Safari/537.36"
35.2.105.114 - - [03/Nov/2014:20:24:29 -0500] "GET /static/flickr-images/93.jpg HTTP/1.1" 304 - "http://eecs485-02.eecs.umich.edu:5616/search?q=white" "Mozilla/5.0 (Macintosh; Intel Mac OS X 10_10_0) AppleWebKit/537.36 (KHTML, like Gecko) Chrome/38.0.2125.111 Safari/537.36"
35.2.105.114 - - [03/Nov/2014:20:24:29 -0500] "GET /search/picture?id=197 HTTP/1.1" 200 3002 "http://eecs485-02.eecs.umich.edu:5616/search?q=white" "Mozilla/5.0 (Macintosh; Intel Mac OS X 10_10_0) AppleWebKit/537.36 (KHTML, like Gecko) Chrome/38.0.2125.111 Safari/537.36"
35.2.105.114 - - [03/Nov/2014:20:24:29 -0500] "GET /search/static/flickr-images/197.jpg HTTP/1.1" 404 - "http://eecs485-02.eecs.umich.edu:5616/search/picture?id=197" "Mozilla/5.0 (Macintosh; Intel Mac OS X 10_10_0) AppleWebKit/537.36 (KHTML, like Gecko) Chrome/38.0.2125.111 Safari/537.36"
35.2.105.114 - - [03/Nov/2014:20:25:20 -0500] "GET /search/picture?id=197 HTTP/1.1" 200 3003 "http://eecs485-02.eecs.umich.edu:5616/search?q=white" "Mozilla/5.0 (Macintosh; Intel Mac OS X 10_10_0) AppleWebKit/537.36 (KHTML, like Gecko) Chrome/38.0.2125.111 Safari/537.36"
35.2.105.114 - - [03/Nov/2014:20:25:20 -0500] "GET /static/css/bootstrap-3.2.0-dist/css/bootstrap.min.css HTTP/1.1" 304 - "http://eecs485-02.eecs.umich.edu:5616/search/picture?id=197" "Mozilla/5.0 (Macintosh; Intel Mac OS X 10_10_0) AppleWebKit/537.36 (KHTML, like Gecko) Chrome/38.0.2125.111 Safari/537.36"
35.2.105.114 - - [03/Nov/2014:20:25:20 -0500] "GET /static/css/style.css HTTP/1.1" 304 - "http://eecs485-02.eecs.umich.edu:5616/search/picture?id=197" "Mozilla/5.0 (Macintosh; Intel Mac OS X 10_10_0) AppleWebKit/537.36 (KHTML, like Gecko) Chrome/38.0.2125.111 Safari/537.36"
35.2.105.114 - - [03/Nov/2014:20:25:20 -0500] "GET /static/js/main.js HTTP/1.1" 304 - "http://eecs485-02.eecs.umich.edu:5616/search/picture?id=197" "Mozilla/5.0 (Macintosh; Intel Mac OS X 10_10_0) AppleWebKit/537.36 (KHTML, like Gecko) Chrome/38.0.2125.111 Safari/537.36"
35.2.105.114 - - [03/Nov/2014:20:25:20 -0500] "GET /search/static/flickr-images/197.jpg HTTP/1.1" 404 - "http://eecs485-02.eecs.umich.edu:5616/search/picture?id=197" "Mozilla/5.0 (Macintosh; Intel Mac OS X 10_10_0) AppleWebKit/537.36 (KHTML, like Gecko) Chrome/38.0.2125.111 Safari/537.36"
35.2.105.114 - - [03/Nov/2014:20:25:25 -0500] "GET /search?q=white HTTP/1.1" 200 3489 "http://eecs485-02.eecs.umich.edu:5616/search" "Mozilla/5.0 (Macintosh; Intel Mac OS X 10_10_0) AppleWebKit/537.36 (KHTML, like Gecko) Chrome/38.0.2125.111 Safari/537.36"
35.2.105.114 - - [03/Nov/2014:20:25:26 -0500] "GET /search/picture?id=197 HTTP/1.1" 200 3003 "http://eecs485-02.eecs.umich.edu:5616/search?q=white" "Mozilla/5.0 (Macintosh; Intel Mac OS X 10_10_0) AppleWebKit/537.36 (KHTML, like Gecko) Chrome/38.0.2125.111 Safari/537.36"
35.2.105.114 - - [03/Nov/2014:20:25:27 -0500] "GET /search/static/flickr-images/197.jpg HTTP/1.1" 404 - "http://eecs485-02.eecs.umich.edu:5616/search/picture?id=197" "Mozilla/5.0 (Macintosh; Intel Mac OS X 10_10_0) AppleWebKit/537.36 (KHTML, like Gecko) Chrome/38.0.2125.111 Safari/537.36"
35.2.67.63 - - [03/Nov/2014:20:25:47 -0500] "GET /search HTTP/1.1" 200 2754 "-" "Mozilla/5.0 (Macintosh; Intel Mac OS X 10_10) AppleWebKit/600.1.25 (KHTML, like Gecko) Version/8.0 Safari/600.1.25"
35.2.67.63 - - [03/Nov/2014:20:25:49 -0500] "GET /search HTTP/1.1" 200 2754 "-" "Mozilla/5.0 (Macintosh; Intel Mac OS X 10_10) AppleWebKit/600.1.25 (KHTML, like Gecko) Version/8.0 Safari/600.1.25"
35.2.67.63 - - [03/Nov/2014:20:25:52 -0500] "GET /search?q=water HTTP/1.1" 200 3039 "http://eecs485-02.eecs.umich.edu:5616/search" "Mozilla/5.0 (Macintosh; Intel Mac OS X 10_10) AppleWebKit/600.1.25 (KHTML, like Gecko) Version/8.0 Safari/600.1.25"
35.2.67.63 - - [03/Nov/2014:20:25:53 -0500] "GET /search/picture?id=199 HTTP/1.1" 200 3003 "http://eecs485-02.eecs.umich.edu:5616/search?q=water" "Mozilla/5.0 (Macintosh; Intel Mac OS X 10_10) AppleWebKit/600.1.25 (KHTML, like Gecko) Version/8.0 Safari/600.1.25"
35.2.67.63 - - [03/Nov/2014:20:25:53 -0500] "GET /search/static/flickr-images/199.jpg HTTP/1.1" 404 - "http://eecs485-02.eecs.umich.edu:5616/search/picture?id=199" "Mozilla/5.0 (Macintosh; Intel Mac OS X 10_10) AppleWebKit/600.1.25 (KHTML, like Gecko) Version/8.0 Safari/600.1.25"
35.2.105.114 - - [03/Nov/2014:20:26:32 -0500] "GET /search/picture?id=197 HTTP/1.1" 200 3003 "http://eecs485-02.eecs.umich.edu:5616/search?q=white" "Mozilla/5.0 (Macintosh; Intel Mac OS X 10_10_0) AppleWebKit/537.36 (KHTML, like Gecko) Chrome/38.0.2125.111 Safari/537.36"
35.2.105.114 - - [03/Nov/2014:20:26:32 -0500] "GET /static/css/bootstrap-3.2.0-dist/css/bootstrap.min.css HTTP/1.1" 304 - "http://eecs485-02.eecs.umich.edu:5616/search/picture?id=197" "Mozilla/5.0 (Macintosh; Intel Mac OS X 10_10_0) AppleWebKit/537.36 (KHTML, like Gecko) Chrome/38.0.2125.111 Safari/537.36"
35.2.105.114 - - [03/Nov/2014:20:26:32 -0500] "GET /static/css/style.css HTTP/1.1" 304 - "http://eecs485-02.eecs.umich.edu:5616/search/picture?id=197" "Mozilla/5.0 (Macintosh; Intel Mac OS X 10_10_0) AppleWebKit/537.36 (KHTML, like Gecko) Chrome/38.0.2125.111 Safari/537.36"
35.2.105.114 - - [03/Nov/2014:20:26:32 -0500] "GET /static/js/main.js HTTP/1.1" 304 - "http://eecs485-02.eecs.umich.edu:5616/search/picture?id=197" "Mozilla/5.0 (Macintosh; Intel Mac OS X 10_10_0) AppleWebKit/537.36 (KHTML, like Gecko) Chrome/38.0.2125.111 Safari/537.36"
35.2.105.114 - - [03/Nov/2014:20:26:32 -0500] "GET /search/static/flickr-images/197.jpg HTTP/1.1" 404 - "http://eecs485-02.eecs.umich.edu:5616/search/picture?id=197" "Mozilla/5.0 (Macintosh; Intel Mac OS X 10_10_0) AppleWebKit/537.36 (KHTML, like Gecko) Chrome/38.0.2125.111 Safari/537.36"
35.2.67.63 - - [03/Nov/2014:20:26:38 -0500] "GET /search/picture?id=199 HTTP/1.1" 200 3006 "http://eecs485-02.eecs.umich.edu:5616/search?q=water" "Mozilla/5.0 (Macintosh; Intel Mac OS X 10_10) AppleWebKit/600.1.25 (KHTML, like Gecko) Version/8.0 Safari/600.1.25"
35.2.67.63 - - [03/Nov/2014:20:26:38 -0500] "GET /static/css/bootstrap-3.2.0-dist/css/bootstrap.min.css HTTP/1.1" 304 - "http://eecs485-02.eecs.umich.edu:5616/search" "Mozilla/5.0 (Macintosh; Intel Mac OS X 10_10) AppleWebKit/600.1.25 (KHTML, like Gecko) Version/8.0 Safari/600.1.25"
35.2.67.63 - - [03/Nov/2014:20:26:38 -0500] "GET /static/js/main.js HTTP/1.1" 304 - "http://eecs485-02.eecs.umich.edu:5616/search" "Mozilla/5.0 (Macintosh; Intel Mac OS X 10_10) AppleWebKit/600.1.25 (KHTML, like Gecko) Version/8.0 Safari/600.1.25"
35.2.67.63 - - [03/Nov/2014:20:26:38 -0500] "GET /static/css/style.css HTTP/1.1" 304 - "http://eecs485-02.eecs.umich.edu:5616/search" "Mozilla/5.0 (Macintosh; Intel Mac OS X 10_10) AppleWebKit/600.1.25 (KHTML, like Gecko) Version/8.0 Safari/600.1.25"
35.2.67.63 - - [03/Nov/2014:20:26:38 -0500] "GET /search/static/flickr-images/199.jpg HTTP/1.1" 404 - "http://eecs485-02.eecs.umich.edu:5616/search/picture?id=199" "Mozilla/5.0 (Macintosh; Intel Mac OS X 10_10) AppleWebKit/600.1.25 (KHTML, like Gecko) Version/8.0 Safari/600.1.25"
35.2.67.63 - - [03/Nov/2014:20:27:12 -0500] "GET /search/picture?id=199 HTTP/1.1" 200 3003 "http://eecs485-02.eecs.umich.edu:5616/search?q=water" "Mozilla/5.0 (Macintosh; Intel Mac OS X 10_10) AppleWebKit/600.1.25 (KHTML, like Gecko) Version/8.0 Safari/600.1.25"
35.2.67.63 - - [03/Nov/2014:20:27:12 -0500] "GET /static/css/bootstrap-3.2.0-dist/css/bootstrap.min.css HTTP/1.1" 304 - "http://eecs485-02.eecs.umich.edu:5616/search" "Mozilla/5.0 (Macintosh; Intel Mac OS X 10_10) AppleWebKit/600.1.25 (KHTML, like Gecko) Version/8.0 Safari/600.1.25"
35.2.67.63 - - [03/Nov/2014:20:27:12 -0500] "GET /static/css/style.css HTTP/1.1" 304 - "http://eecs485-02.eecs.umich.edu:5616/search" "Mozilla/5.0 (Macintosh; Intel Mac OS X 10_10) AppleWebKit/600.1.25 (KHTML, like Gecko) Version/8.0 Safari/600.1.25"
35.2.67.63 - - [03/Nov/2014:20:27:12 -0500] "GET /static/js/main.js HTTP/1.1" 304 - "http://eecs485-02.eecs.umich.edu:5616/search" "Mozilla/5.0 (Macintosh; Intel Mac OS X 10_10) AppleWebKit/600.1.25 (KHTML, like Gecko) Version/8.0 Safari/600.1.25"
35.2.67.63 - - [03/Nov/2014:20:27:12 -0500] "GET /search/static/flickr-images/199.jpg HTTP/1.1" 404 - "http://eecs485-02.eecs.umich.edu:5616/search/picture?id=199" "Mozilla/5.0 (Macintosh; Intel Mac OS X 10_10) AppleWebKit/600.1.25 (KHTML, like Gecko) Version/8.0 Safari/600.1.25"
35.2.67.63 - - [03/Nov/2014:20:27:35 -0500] "GET /search/picture?id=199 HTTP/1.1" 200 3018 "http://eecs485-02.eecs.umich.edu:5616/search?q=water" "Mozilla/5.0 (Macintosh; Intel Mac OS X 10_10) AppleWebKit/600.1.25 (KHTML, like Gecko) Version/8.0 Safari/600.1.25"
35.2.67.63 - - [03/Nov/2014:20:27:35 -0500] "GET /static/css/bootstrap-3.2.0-dist/css/bootstrap.min.css HTTP/1.1" 304 - "http://eecs485-02.eecs.umich.edu:5616/search" "Mozilla/5.0 (Macintosh; Intel Mac OS X 10_10) AppleWebKit/600.1.25 (KHTML, like Gecko) Version/8.0 Safari/600.1.25"
35.2.67.63 - - [03/Nov/2014:20:27:35 -0500] "GET /static/css/style.css HTTP/1.1" 304 - "http://eecs485-02.eecs.umich.edu:5616/search" "Mozilla/5.0 (Macintosh; Intel Mac OS X 10_10) AppleWebKit/600.1.25 (KHTML, like Gecko) Version/8.0 Safari/600.1.25"
35.2.67.63 - - [03/Nov/2014:20:27:35 -0500] "GET /static/js/main.js HTTP/1.1" 304 - "http://eecs485-02.eecs.umich.edu:5616/search" "Mozilla/5.0 (Macintosh; Intel Mac OS X 10_10) AppleWebKit/600.1.25 (KHTML, like Gecko) Version/8.0 Safari/600.1.25"
35.2.67.63 - - [03/Nov/2014:20:27:35 -0500] "GET /search/static/flickr-images/199.jpg HTTP/1.1" 404 - "http://eecs485-02.eecs.umich.edu:5616/search/picture?id=199" "Mozilla/5.0 (Macintosh; Intel Mac OS X 10_10) AppleWebKit/600.1.25 (KHTML, like Gecko) Version/8.0 Safari/600.1.25"
35.2.67.63 - - [03/Nov/2014:20:28:37 -0500] "GET /search/picture?id=199 HTTP/1.1" 200 3018 "http://eecs485-02.eecs.umich.edu:5616/search?q=water" "Mozilla/5.0 (Macintosh; Intel Mac OS X 10_10) AppleWebKit/600.1.25 (KHTML, like Gecko) Version/8.0 Safari/600.1.25"
35.2.67.63 - - [03/Nov/2014:20:28:37 -0500] "GET /static/css/bootstrap-3.2.0-dist/css/bootstrap.min.css HTTP/1.1" 304 - "http://eecs485-02.eecs.umich.edu:5616/search" "Mozilla/5.0 (Macintosh; Intel Mac OS X 10_10) AppleWebKit/600.1.25 (KHTML, like Gecko) Version/8.0 Safari/600.1.25"
35.2.67.63 - - [03/Nov/2014:20:28:37 -0500] "GET /static/js/main.js HTTP/1.1" 304 - "http://eecs485-02.eecs.umich.edu:5616/search" "Mozilla/5.0 (Macintosh; Intel Mac OS X 10_10) AppleWebKit/600.1.25 (KHTML, like Gecko) Version/8.0 Safari/600.1.25"
35.2.67.63 - - [03/Nov/2014:20:28:37 -0500] "GET /static/css/style.css HTTP/1.1" 304 - "http://eecs485-02.eecs.umich.edu:5616/search" "Mozilla/5.0 (Macintosh; Intel Mac OS X 10_10) AppleWebKit/600.1.25 (KHTML, like Gecko) Version/8.0 Safari/600.1.25"
35.2.67.63 - - [03/Nov/2014:20:28:37 -0500] "GET /search/static/flickr-images/199.jpg HTTP/1.1" 404 - "http://eecs485-02.eecs.umich.edu:5616/search/picture?id=199" "Mozilla/5.0 (Macintosh; Intel Mac OS X 10_10) AppleWebKit/600.1.25 (KHTML, like Gecko) Version/8.0 Safari/600.1.25"
35.2.67.63 - - [03/Nov/2014:20:29:17 -0500] "GET /search/picture?id=199 HTTP/1.1" 200 3022 "http://eecs485-02.eecs.umich.edu:5616/search?q=water" "Mozilla/5.0 (Macintosh; Intel Mac OS X 10_10) AppleWebKit/600.1.25 (KHTML, like Gecko) Version/8.0 Safari/600.1.25"
35.2.67.63 - - [03/Nov/2014:20:29:17 -0500] "GET /static/css/bootstrap-3.2.0-dist/css/bootstrap.min.css HTTP/1.1" 304 - "http://eecs485-02.eecs.umich.edu:5616/search" "Mozilla/5.0 (Macintosh; Intel Mac OS X 10_10) AppleWebKit/600.1.25 (KHTML, like Gecko) Version/8.0 Safari/600.1.25"
35.2.67.63 - - [03/Nov/2014:20:29:17 -0500] "GET /static/css/style.css HTTP/1.1" 304 - "http://eecs485-02.eecs.umich.edu:5616/search" "Mozilla/5.0 (Macintosh; Intel Mac OS X 10_10) AppleWebKit/600.1.25 (KHTML, like Gecko) Version/8.0 Safari/600.1.25"
35.2.67.63 - - [03/Nov/2014:20:29:17 -0500] "GET /static/js/main.js HTTP/1.1" 304 - "http://eecs485-02.eecs.umich.edu:5616/search" "Mozilla/5.0 (Macintosh; Intel Mac OS X 10_10) AppleWebKit/600.1.25 (KHTML, like Gecko) Version/8.0 Safari/600.1.25"
35.2.67.63 - - [03/Nov/2014:20:29:17 -0500] "GET /search/static/flickr-images/199.jpg HTTP/1.1" 404 - "http://eecs485-02.eecs.umich.edu:5616/search/picture?id=199" "Mozilla/5.0 (Macintosh; Intel Mac OS X 10_10) AppleWebKit/600.1.25 (KHTML, like Gecko) Version/8.0 Safari/600.1.25"
35.2.105.114 - - [03/Nov/2014:20:29:17 -0500] "GET /search/picture?id=197 HTTP/1.1" 200 3022 "http://eecs485-02.eecs.umich.edu:5616/search?q=white" "Mozilla/5.0 (Macintosh; Intel Mac OS X 10_10_0) AppleWebKit/537.36 (KHTML, like Gecko) Chrome/38.0.2125.111 Safari/537.36"
35.2.105.114 - - [03/Nov/2014:20:29:17 -0500] "GET /static/css/bootstrap-3.2.0-dist/css/bootstrap.min.css HTTP/1.1" 304 - "http://eecs485-02.eecs.umich.edu:5616/search/picture?id=197" "Mozilla/5.0 (Macintosh; Intel Mac OS X 10_10_0) AppleWebKit/537.36 (KHTML, like Gecko) Chrome/38.0.2125.111 Safari/537.36"
35.2.105.114 - - [03/Nov/2014:20:29:17 -0500] "GET /static/css/style.css HTTP/1.1" 304 - "http://eecs485-02.eecs.umich.edu:5616/search/picture?id=197" "Mozilla/5.0 (Macintosh; Intel Mac OS X 10_10_0) AppleWebKit/537.36 (KHTML, like Gecko) Chrome/38.0.2125.111 Safari/537.36"
35.2.105.114 - - [03/Nov/2014:20:29:17 -0500] "GET /static/js/main.js HTTP/1.1" 304 - "http://eecs485-02.eecs.umich.edu:5616/search/picture?id=197" "Mozilla/5.0 (Macintosh; Intel Mac OS X 10_10_0) AppleWebKit/537.36 (KHTML, like Gecko) Chrome/38.0.2125.111 Safari/537.36"
35.2.105.114 - - [03/Nov/2014:20:29:17 -0500] "GET /search/static/flickr-images/197.jpg HTTP/1.1" 404 - "http://eecs485-02.eecs.umich.edu:5616/search/picture?id=197" "Mozilla/5.0 (Macintosh; Intel Mac OS X 10_10_0) AppleWebKit/537.36 (KHTML, like Gecko) Chrome/38.0.2125.111 Safari/537.36"
35.2.105.114 - - [03/Nov/2014:20:29:19 -0500] "GET /search/picture?id=197 HTTP/1.1" 200 3022 "http://eecs485-02.eecs.umich.edu:5616/search?q=white" "Mozilla/5.0 (Macintosh; Intel Mac OS X 10_10_0) AppleWebKit/537.36 (KHTML, like Gecko) Chrome/38.0.2125.111 Safari/537.36"
35.2.105.114 - - [03/Nov/2014:20:29:19 -0500] "GET /static/css/bootstrap-3.2.0-dist/css/bootstrap.min.css HTTP/1.1" 304 - "http://eecs485-02.eecs.umich.edu:5616/search/picture?id=197" "Mozilla/5.0 (Macintosh; Intel Mac OS X 10_10_0) AppleWebKit/537.36 (KHTML, like Gecko) Chrome/38.0.2125.111 Safari/537.36"
35.2.105.114 - - [03/Nov/2014:20:29:19 -0500] "GET /static/css/style.css HTTP/1.1" 304 - "http://eecs485-02.eecs.umich.edu:5616/search/picture?id=197" "Mozilla/5.0 (Macintosh; Intel Mac OS X 10_10_0) AppleWebKit/537.36 (KHTML, like Gecko) Chrome/38.0.2125.111 Safari/537.36"
35.2.105.114 - - [03/Nov/2014:20:29:19 -0500] "GET /static/js/main.js HTTP/1.1" 304 - "http://eecs485-02.eecs.umich.edu:5616/search/picture?id=197" "Mozilla/5.0 (Macintosh; Intel Mac OS X 10_10_0) AppleWebKit/537.36 (KHTML, like Gecko) Chrome/38.0.2125.111 Safari/537.36"
35.2.105.114 - - [03/Nov/2014:20:29:19 -0500] "GET /search/static/flickr-images/197.jpg HTTP/1.1" 404 - "http://eecs485-02.eecs.umich.edu:5616/search/picture?id=197" "Mozilla/5.0 (Macintosh; Intel Mac OS X 10_10_0) AppleWebKit/537.36 (KHTML, like Gecko) Chrome/38.0.2125.111 Safari/537.36"
::1 - - [03/Nov/2014:20:29:27 -0500] "OPTIONS * HTTP/1.0" 200 - "-" "Apache/2.4.10 (Fedora) PHP/5.5.16 (internal dummy connection)"
::1 - - [03/Nov/2014:20:29:28 -0500] "OPTIONS * HTTP/1.0" 200 - "-" "Apache/2.4.10 (Fedora) PHP/5.5.16 (internal dummy connection)"
::1 - - [03/Nov/2014:20:29:29 -0500] "OPTIONS * HTTP/1.0" 200 - "-" "Apache/2.4.10 (Fedora) PHP/5.5.16 (internal dummy connection)"
35.2.67.63 - - [03/Nov/2014:20:29:33 -0500] "GET /search/picture?id=199 HTTP/1.1" 200 4072 "http://eecs485-02.eecs.umich.edu:5616/search?q=water" "Mozilla/5.0 (Macintosh; Intel Mac OS X 10_10) AppleWebKit/600.1.25 (KHTML, like Gecko) Version/8.0 Safari/600.1.25"
35.2.67.63 - - [03/Nov/2014:20:29:33 -0500] "GET /static/css/bootstrap-3.2.0-dist/css/bootstrap.min.css HTTP/1.1" 304 - "http://eecs485-02.eecs.umich.edu:5616/search" "Mozilla/5.0 (Macintosh; Intel Mac OS X 10_10) AppleWebKit/600.1.25 (KHTML, like Gecko) Version/8.0 Safari/600.1.25"
35.2.67.63 - - [03/Nov/2014:20:29:33 -0500] "GET /static/js/main.js HTTP/1.1" 304 - "http://eecs485-02.eecs.umich.edu:5616/search" "Mozilla/5.0 (Macintosh; Intel Mac OS X 10_10) AppleWebKit/600.1.25 (KHTML, like Gecko) Version/8.0 Safari/600.1.25"
35.2.67.63 - - [03/Nov/2014:20:29:33 -0500] "GET /static/css/style.css HTTP/1.1" 304 - "http://eecs485-02.eecs.umich.edu:5616/search" "Mozilla/5.0 (Macintosh; Intel Mac OS X 10_10) AppleWebKit/600.1.25 (KHTML, like Gecko) Version/8.0 Safari/600.1.25"
35.2.67.63 - - [03/Nov/2014:20:29:33 -0500] "GET /search/static/flickr-images/198.jpg HTTP/1.1" 404 - "http://eecs485-02.eecs.umich.edu:5616/search/picture?id=199" "Mozilla/5.0 (Macintosh; Intel Mac OS X 10_10) AppleWebKit/600.1.25 (KHTML, like Gecko) Version/8.0 Safari/600.1.25"
35.2.67.63 - - [03/Nov/2014:20:29:33 -0500] "GET /search/static/flickr-images/199.jpg HTTP/1.1" 404 - "http://eecs485-02.eecs.umich.edu:5616/search/picture?id=199" "Mozilla/5.0 (Macintosh; Intel Mac OS X 10_10) AppleWebKit/600.1.25 (KHTML, like Gecko) Version/8.0 Safari/600.1.25"
35.2.67.63 - - [03/Nov/2014:20:29:33 -0500] "GET /search/static/flickr-images/197.jpg HTTP/1.1" 404 - "http://eecs485-02.eecs.umich.edu:5616/search/picture?id=199" "Mozilla/5.0 (Macintosh; Intel Mac OS X 10_10) AppleWebKit/600.1.25 (KHTML, like Gecko) Version/8.0 Safari/600.1.25"
35.2.67.63 - - [03/Nov/2014:20:29:33 -0500] "GET /search/static/flickr-images/200.jpg HTTP/1.1" 404 - "http://eecs485-02.eecs.umich.edu:5616/search/picture?id=199" "Mozilla/5.0 (Macintosh; Intel Mac OS X 10_10) AppleWebKit/600.1.25 (KHTML, like Gecko) Version/8.0 Safari/600.1.25"
35.2.67.63 - - [03/Nov/2014:20:29:33 -0500] "GET /search/static/flickr-images/194.jpg HTTP/1.1" 404 - "http://eecs485-02.eecs.umich.edu:5616/search/picture?id=199" "Mozilla/5.0 (Macintosh; Intel Mac OS X 10_10) AppleWebKit/600.1.25 (KHTML, like Gecko) Version/8.0 Safari/600.1.25"
35.2.67.63 - - [03/Nov/2014:20:29:33 -0500] "GET /search/static/flickr-images/196.jpg HTTP/1.1" 404 - "http://eecs485-02.eecs.umich.edu:5616/search/picture?id=199" "Mozilla/5.0 (Macintosh; Intel Mac OS X 10_10) AppleWebKit/600.1.25 (KHTML, like Gecko) Version/8.0 Safari/600.1.25"
35.2.67.63 - - [03/Nov/2014:20:29:33 -0500] "GET /search/static/flickr-images/178.jpg HTTP/1.1" 404 - "http://eecs485-02.eecs.umich.edu:5616/search/picture?id=199" "Mozilla/5.0 (Macintosh; Intel Mac OS X 10_10) AppleWebKit/600.1.25 (KHTML, like Gecko) Version/8.0 Safari/600.1.25"
35.2.67.63 - - [03/Nov/2014:20:29:33 -0500] "GET /search/static/flickr-images/193.jpg HTTP/1.1" 404 - "http://eecs485-02.eecs.umich.edu:5616/search/picture?id=199" "Mozilla/5.0 (Macintosh; Intel Mac OS X 10_10) AppleWebKit/600.1.25 (KHTML, like Gecko) Version/8.0 Safari/600.1.25"
35.2.67.63 - - [03/Nov/2014:20:29:33 -0500] "GET /search/static/flickr-images/93.jpg HTTP/1.1" 404 - "http://eecs485-02.eecs.umich.edu:5616/search/picture?id=199" "Mozilla/5.0 (Macintosh; Intel Mac OS X 10_10) AppleWebKit/600.1.25 (KHTML, like Gecko) Version/8.0 Safari/600.1.25"
35.2.105.114 - - [03/Nov/2014:20:29:37 -0500] "GET /search/picture?id=197 HTTP/1.1" 200 4058 "http://eecs485-02.eecs.umich.edu:5616/search?q=white" "Mozilla/5.0 (Macintosh; Intel Mac OS X 10_10_0) AppleWebKit/537.36 (KHTML, like Gecko) Chrome/38.0.2125.111 Safari/537.36"
35.2.105.114 - - [03/Nov/2014:20:29:37 -0500] "GET /static/css/bootstrap-3.2.0-dist/css/bootstrap.min.css HTTP/1.1" 304 - "http://eecs485-02.eecs.umich.edu:5616/search/picture?id=197" "Mozilla/5.0 (Macintosh; Intel Mac OS X 10_10_0) AppleWebKit/537.36 (KHTML, like Gecko) Chrome/38.0.2125.111 Safari/537.36"
35.2.105.114 - - [03/Nov/2014:20:29:37 -0500] "GET /static/css/style.css HTTP/1.1" 304 - "http://eecs485-02.eecs.umich.edu:5616/search/picture?id=197" "Mozilla/5.0 (Macintosh; Intel Mac OS X 10_10_0) AppleWebKit/537.36 (KHTML, like Gecko) Chrome/38.0.2125.111 Safari/537.36"
35.2.105.114 - - [03/Nov/2014:20:29:37 -0500] "GET /static/js/main.js HTTP/1.1" 304 - "http://eecs485-02.eecs.umich.edu:5616/search/picture?id=197" "Mozilla/5.0 (Macintosh; Intel Mac OS X 10_10_0) AppleWebKit/537.36 (KHTML, like Gecko) Chrome/38.0.2125.111 Safari/537.36"
35.2.105.114 - - [03/Nov/2014:20:29:37 -0500] "GET /search/static/flickr-images/196.jpg HTTP/1.1" 404 - "http://eecs485-02.eecs.umich.edu:5616/search/picture?id=197" "Mozilla/5.0 (Macintosh; Intel Mac OS X 10_10_0) AppleWebKit/537.36 (KHTML, like Gecko) Chrome/38.0.2125.111 Safari/537.36"
35.2.105.114 - - [03/Nov/2014:20:29:37 -0500] "GET /search/static/flickr-images/199.jpg HTTP/1.1" 404 - "http://eecs485-02.eecs.umich.edu:5616/search/picture?id=197" "Mozilla/5.0 (Macintosh; Intel Mac OS X 10_10_0) AppleWebKit/537.36 (KHTML, like Gecko) Chrome/38.0.2125.111 Safari/537.36"
35.2.105.114 - - [03/Nov/2014:20:29:37 -0500] "GET /search/static/flickr-images/197.jpg HTTP/1.1" 404 - "http://eecs485-02.eecs.umich.edu:5616/search/picture?id=197" "Mozilla/5.0 (Macintosh; Intel Mac OS X 10_10_0) AppleWebKit/537.36 (KHTML, like Gecko) Chrome/38.0.2125.111 Safari/537.36"
35.2.105.114 - - [03/Nov/2014:20:29:37 -0500] "GET /search/static/flickr-images/198.jpg HTTP/1.1" 404 - "http://eecs485-02.eecs.umich.edu:5616/search/picture?id=197" "Mozilla/5.0 (Macintosh; Intel Mac OS X 10_10_0) AppleWebKit/537.36 (KHTML, like Gecko) Chrome/38.0.2125.111 Safari/537.36"
35.2.105.114 - - [03/Nov/2014:20:29:37 -0500] "GET /search/static/flickr-images/200.jpg HTTP/1.1" 404 - "http://eecs485-02.eecs.umich.edu:5616/search/picture?id=197" "Mozilla/5.0 (Macintosh; Intel Mac OS X 10_10_0) AppleWebKit/537.36 (KHTML, like Gecko) Chrome/38.0.2125.111 Safari/537.36"
35.2.105.114 - - [03/Nov/2014:20:29:37 -0500] "GET /search/static/flickr-images/93.jpg HTTP/1.1" 404 - "http://eecs485-02.eecs.umich.edu:5616/search/picture?id=197" "Mozilla/5.0 (Macintosh; Intel Mac OS X 10_10_0) AppleWebKit/537.36 (KHTML, like Gecko) Chrome/38.0.2125.111 Safari/537.36"
35.2.105.114 - - [03/Nov/2014:20:29:37 -0500] "GET /search/static/flickr-images/194.jpg HTTP/1.1" 404 - "http://eecs485-02.eecs.umich.edu:5616/search/picture?id=197" "Mozilla/5.0 (Macintosh; Intel Mac OS X 10_10_0) AppleWebKit/537.36 (KHTML, like Gecko) Chrome/38.0.2125.111 Safari/537.36"
35.2.105.114 - - [03/Nov/2014:20:29:37 -0500] "GET /search/static/flickr-images/178.jpg HTTP/1.1" 404 - "http://eecs485-02.eecs.umich.edu:5616/search/picture?id=197" "Mozilla/5.0 (Macintosh; Intel Mac OS X 10_10_0) AppleWebKit/537.36 (KHTML, like Gecko) Chrome/38.0.2125.111 Safari/537.36"
35.2.105.114 - - [03/Nov/2014:20:29:37 -0500] "GET /search/static/flickr-images/193.jpg HTTP/1.1" 404 - "http://eecs485-02.eecs.umich.edu:5616/search/picture?id=197" "Mozilla/5.0 (Macintosh; Intel Mac OS X 10_10_0) AppleWebKit/537.36 (KHTML, like Gecko) Chrome/38.0.2125.111 Safari/537.36"
::1 - - [03/Nov/2014:20:29:41 -0500] "OPTIONS * HTTP/1.0" 200 - "-" "Apache/2.4.10 (Fedora) PHP/5.5.16 (internal dummy connection)"
::1 - - [03/Nov/2014:20:29:42 -0500] "OPTIONS * HTTP/1.0" 200 - "-" "Apache/2.4.10 (Fedora) PHP/5.5.16 (internal dummy connection)"
::1 - - [03/Nov/2014:20:29:45 -0500] "OPTIONS * HTTP/1.0" 200 - "-" "Apache/2.4.10 (Fedora) PHP/5.5.16 (internal dummy connection)"
::1 - - [03/Nov/2014:20:29:46 -0500] "OPTIONS * HTTP/1.0" 200 - "-" "Apache/2.4.10 (Fedora) PHP/5.5.16 (internal dummy connection)"
35.2.105.114 - - [03/Nov/2014:20:29:46 -0500] "GET /search/picture?id=197 HTTP/1.1" 200 4018 "http://eecs485-02.eecs.umich.edu:5616/search?q=white" "Mozilla/5.0 (Macintosh; Intel Mac OS X 10_10_0) AppleWebKit/537.36 (KHTML, like Gecko) Chrome/38.0.2125.111 Safari/537.36"
::1 - - [03/Nov/2014:20:29:47 -0500] "OPTIONS * HTTP/1.0" 200 - "-" "Apache/2.4.10 (Fedora) PHP/5.5.16 (internal dummy connection)"
35.2.67.63 - - [03/Nov/2014:20:29:47 -0500] "GET /search/picture?id=199 HTTP/1.1" 200 4018 "http://eecs485-02.eecs.umich.edu:5616/search?q=water" "Mozilla/5.0 (Macintosh; Intel Mac OS X 10_10) AppleWebKit/600.1.25 (KHTML, like Gecko) Version/8.0 Safari/600.1.25"
35.2.67.63 - - [03/Nov/2014:20:29:47 -0500] "GET /static/css/bootstrap-3.2.0-dist/css/bootstrap.min.css HTTP/1.1" 304 - "http://eecs485-02.eecs.umich.edu:5616/search" "Mozilla/5.0 (Macintosh; Intel Mac OS X 10_10) AppleWebKit/600.1.25 (KHTML, like Gecko) Version/8.0 Safari/600.1.25"
35.2.67.63 - - [03/Nov/2014:20:29:47 -0500] "GET /static/js/main.js HTTP/1.1" 304 - "http://eecs485-02.eecs.umich.edu:5616/search" "Mozilla/5.0 (Macintosh; Intel Mac OS X 10_10) AppleWebKit/600.1.25 (KHTML, like Gecko) Version/8.0 Safari/600.1.25"
35.2.67.63 - - [03/Nov/2014:20:29:47 -0500] "GET /static/css/style.css HTTP/1.1" 304 - "http://eecs485-02.eecs.umich.edu:5616/search" "Mozilla/5.0 (Macintosh; Intel Mac OS X 10_10) AppleWebKit/600.1.25 (KHTML, like Gecko) Version/8.0 Safari/600.1.25"
35.2.67.63 - - [03/Nov/2014:20:29:47 -0500] "GET /search/static/flickr-images/197.jpg HTTP/1.1" 404 - "http://eecs485-02.eecs.umich.edu:5616/search/picture?id=199" "Mozilla/5.0 (Macintosh; Intel Mac OS X 10_10) AppleWebKit/600.1.25 (KHTML, like Gecko) Version/8.0 Safari/600.1.25"
35.2.67.63 - - [03/Nov/2014:20:29:47 -0500] "GET /search/static/flickr-images/200.jpg HTTP/1.1" 404 - "http://eecs485-02.eecs.umich.edu:5616/search/picture?id=199" "Mozilla/5.0 (Macintosh; Intel Mac OS X 10_10) AppleWebKit/600.1.25 (KHTML, like Gecko) Version/8.0 Safari/600.1.25"
35.2.67.63 - - [03/Nov/2014:20:29:47 -0500] "GET /search/static/flickr-images/199.jpg HTTP/1.1" 404 - "http://eecs485-02.eecs.umich.edu:5616/search/picture?id=199" "Mozilla/5.0 (Macintosh; Intel Mac OS X 10_10) AppleWebKit/600.1.25 (KHTML, like Gecko) Version/8.0 Safari/600.1.25"
35.2.67.63 - - [03/Nov/2014:20:29:47 -0500] "GET /search/static/flickr-images/194.jpg HTTP/1.1" 404 - "http://eecs485-02.eecs.umich.edu:5616/search/picture?id=199" "Mozilla/5.0 (Macintosh; Intel Mac OS X 10_10) AppleWebKit/600.1.25 (KHTML, like Gecko) Version/8.0 Safari/600.1.25"
35.2.67.63 - - [03/Nov/2014:20:29:47 -0500] "GET /search/static/flickr-images/198.jpg HTTP/1.1" 404 - "http://eecs485-02.eecs.umich.edu:5616/search/picture?id=199" "Mozilla/5.0 (Macintosh; Intel Mac OS X 10_10) AppleWebKit/600.1.25 (KHTML, like Gecko) Version/8.0 Safari/600.1.25"
35.2.67.63 - - [03/Nov/2014:20:29:47 -0500] "GET /search/static/flickr-images/196.jpg HTTP/1.1" 404 - "http://eecs485-02.eecs.umich.edu:5616/search/picture?id=199" "Mozilla/5.0 (Macintosh; Intel Mac OS X 10_10) AppleWebKit/600.1.25 (KHTML, like Gecko) Version/8.0 Safari/600.1.25"
35.2.67.63 - - [03/Nov/2014:20:29:48 -0500] "GET /search/static/flickr-images/178.jpg HTTP/1.1" 404 - "http://eecs485-02.eecs.umich.edu:5616/search/picture?id=199" "Mozilla/5.0 (Macintosh; Intel Mac OS X 10_10) AppleWebKit/600.1.25 (KHTML, like Gecko) Version/8.0 Safari/600.1.25"
35.2.67.63 - - [03/Nov/2014:20:29:48 -0500] "GET /search/static/flickr-images/193.jpg HTTP/1.1" 404 - "http://eecs485-02.eecs.umich.edu:5616/search/picture?id=199" "Mozilla/5.0 (Macintosh; Intel Mac OS X 10_10) AppleWebKit/600.1.25 (KHTML, like Gecko) Version/8.0 Safari/600.1.25"
35.2.67.63 - - [03/Nov/2014:20:29:48 -0500] "GET /search/static/flickr-images/93.jpg HTTP/1.1" 404 - "http://eecs485-02.eecs.umich.edu:5616/search/picture?id=199" "Mozilla/5.0 (Macintosh; Intel Mac OS X 10_10) AppleWebKit/600.1.25 (KHTML, like Gecko) Version/8.0 Safari/600.1.25"
35.2.105.114 - - [03/Nov/2014:20:29:52 -0500] "GET /search/static/flickr-images/197.jpg HTTP/1.1" 404 - "http://eecs485-02.eecs.umich.edu:5616/search/picture?id=197" "Mozilla/5.0 (Macintosh; Intel Mac OS X 10_10_0) AppleWebKit/537.36 (KHTML, like Gecko) Chrome/38.0.2125.111 Safari/537.36"
::1 - - [03/Nov/2014:20:29:55 -0500] "OPTIONS * HTTP/1.0" 200 - "-" "Apache/2.4.10 (Fedora) PHP/5.5.16 (internal dummy connection)"
::1 - - [03/Nov/2014:20:29:56 -0500] "OPTIONS * HTTP/1.0" 200 - "-" "Apache/2.4.10 (Fedora) PHP/5.5.16 (internal dummy connection)"
35.2.105.114 - - [03/Nov/2014:20:29:56 -0500] "GET /search?q=white HTTP/1.1" 200 3489 "http://eecs485-02.eecs.umich.edu:5616/search" "Mozilla/5.0 (Macintosh; Intel Mac OS X 10_10_0) AppleWebKit/537.36 (KHTML, like Gecko) Chrome/38.0.2125.111 Safari/537.36"
35.2.105.114 - - [03/Nov/2014:20:29:58 -0500] "GET /search?q=white HTTP/1.1" 200 3489 "http://eecs485-02.eecs.umich.edu:5616/search" "Mozilla/5.0 (Macintosh; Intel Mac OS X 10_10_0) AppleWebKit/537.36 (KHTML, like Gecko) Chrome/38.0.2125.111 Safari/537.36"
::1 - - [03/Nov/2014:20:30:06 -0500] "OPTIONS * HTTP/1.0" 200 - "-" "Apache/2.4.10 (Fedora) PHP/5.5.16 (internal dummy connection)"
35.2.105.114 - - [03/Nov/2014:20:30:08 -0500] "GET /search/picture?id=197 HTTP/1.1" 200 4018 "http://eecs485-02.eecs.umich.edu:5616/search?q=white" "Mozilla/5.0 (Macintosh; Intel Mac OS X 10_10_0) AppleWebKit/537.36 (KHTML, like Gecko) Chrome/38.0.2125.111 Safari/537.36"
35.2.105.114 - - [03/Nov/2014:20:30:08 -0500] "GET /search/static/flickr-images/197.jpg HTTP/1.1" 404 - "http://eecs485-02.eecs.umich.edu:5616/search/picture?id=197" "Mozilla/5.0 (Macintosh; Intel Mac OS X 10_10_0) AppleWebKit/537.36 (KHTML, like Gecko) Chrome/38.0.2125.111 Safari/537.36"
35.2.105.114 - - [03/Nov/2014:20:30:08 -0500] "GET /search/static/flickr-images/196.jpg HTTP/1.1" 404 - "http://eecs485-02.eecs.umich.edu:5616/search/picture?id=197" "Mozilla/5.0 (Macintosh; Intel Mac OS X 10_10_0) AppleWebKit/537.36 (KHTML, like Gecko) Chrome/38.0.2125.111 Safari/537.36"
35.2.105.114 - - [03/Nov/2014:20:30:08 -0500] "GET /search/static/flickr-images/200.jpg HTTP/1.1" 404 - "http://eecs485-02.eecs.umich.edu:5616/search/picture?id=197" "Mozilla/5.0 (Macintosh; Intel Mac OS X 10_10_0) AppleWebKit/537.36 (KHTML, like Gecko) Chrome/38.0.2125.111 Safari/537.36"
35.2.105.114 - - [03/Nov/2014:20:30:08 -0500] "GET /search/static/flickr-images/178.jpg HTTP/1.1" 404 - "http://eecs485-02.eecs.umich.edu:5616/search/picture?id=197" "Mozilla/5.0 (Macintosh; Intel Mac OS X 10_10_0) AppleWebKit/537.36 (KHTML, like Gecko) Chrome/38.0.2125.111 Safari/537.36"
35.2.105.114 - - [03/Nov/2014:20:30:08 -0500] "GET /search/static/flickr-images/198.jpg HTTP/1.1" 404 - "http://eecs485-02.eecs.umich.edu:5616/search/picture?id=197" "Mozilla/5.0 (Macintosh; Intel Mac OS X 10_10_0) AppleWebKit/537.36 (KHTML, like Gecko) Chrome/38.0.2125.111 Safari/537.36"
35.2.105.114 - - [03/Nov/2014:20:30:08 -0500] "GET /search/static/flickr-images/93.jpg HTTP/1.1" 404 - "http://eecs485-02.eecs.umich.edu:5616/search/picture?id=197" "Mozilla/5.0 (Macintosh; Intel Mac OS X 10_10_0) AppleWebKit/537.36 (KHTML, like Gecko) Chrome/38.0.2125.111 Safari/537.36"
35.2.105.114 - - [03/Nov/2014:20:30:08 -0500] "GET /search/static/flickr-images/194.jpg HTTP/1.1" 404 - "http://eecs485-02.eecs.umich.edu:5616/search/picture?id=197" "Mozilla/5.0 (Macintosh; Intel Mac OS X 10_10_0) AppleWebKit/537.36 (KHTML, like Gecko) Chrome/38.0.2125.111 Safari/537.36"
35.2.105.114 - - [03/Nov/2014:20:30:08 -0500] "GET /search/static/flickr-images/199.jpg HTTP/1.1" 404 - "http://eecs485-02.eecs.umich.edu:5616/search/picture?id=197" "Mozilla/5.0 (Macintosh; Intel Mac OS X 10_10_0) AppleWebKit/537.36 (KHTML, like Gecko) Chrome/38.0.2125.111 Safari/537.36"
35.2.105.114 - - [03/Nov/2014:20:30:08 -0500] "GET /search/static/flickr-images/193.jpg HTTP/1.1" 404 - "http://eecs485-02.eecs.umich.edu:5616/search/picture?id=197" "Mozilla/5.0 (Macintosh; Intel Mac OS X 10_10_0) AppleWebKit/537.36 (KHTML, like Gecko) Chrome/38.0.2125.111 Safari/537.36"
35.2.105.114 - - [03/Nov/2014:20:30:10 -0500] "GET /search?q=white HTTP/1.1" 200 3489 "http://eecs485-02.eecs.umich.edu:5616/search" "Mozilla/5.0 (Macintosh; Intel Mac OS X 10_10_0) AppleWebKit/537.36 (KHTML, like Gecko) Chrome/38.0.2125.111 Safari/537.36"
35.2.105.114 - - [03/Nov/2014:20:30:11 -0500] "GET /search/picture?id=197 HTTP/1.1" 200 4018 "http://eecs485-02.eecs.umich.edu:5616/search?q=white" "Mozilla/5.0 (Macintosh; Intel Mac OS X 10_10_0) AppleWebKit/537.36 (KHTML, like Gecko) Chrome/38.0.2125.111 Safari/537.36"
35.2.105.114 - - [03/Nov/2014:20:30:11 -0500] "GET /search/static/flickr-images/197.jpg HTTP/1.1" 404 - "http://eecs485-02.eecs.umich.edu:5616/search/picture?id=197" "Mozilla/5.0 (Macintosh; Intel Mac OS X 10_10_0) AppleWebKit/537.36 (KHTML, like Gecko) Chrome/38.0.2125.111 Safari/537.36"
35.2.105.114 - - [03/Nov/2014:20:30:11 -0500] "GET /search/static/flickr-images/198.jpg HTTP/1.1" 404 - "http://eecs485-02.eecs.umich.edu:5616/search/picture?id=197" "Mozilla/5.0 (Macintosh; Intel Mac OS X 10_10_0) AppleWebKit/537.36 (KHTML, like Gecko) Chrome/38.0.2125.111 Safari/537.36"
35.2.105.114 - - [03/Nov/2014:20:30:11 -0500] "GET /search/static/flickr-images/178.jpg HTTP/1.1" 404 - "http://eecs485-02.eecs.umich.edu:5616/search/picture?id=197" "Mozilla/5.0 (Macintosh; Intel Mac OS X 10_10_0) AppleWebKit/537.36 (KHTML, like Gecko) Chrome/38.0.2125.111 Safari/537.36"
35.2.105.114 - - [03/Nov/2014:20:30:11 -0500] "GET /search/static/flickr-images/200.jpg HTTP/1.1" 404 - "http://eecs485-02.eecs.umich.edu:5616/search/picture?id=197" "Mozilla/5.0 (Macintosh; Intel Mac OS X 10_10_0) AppleWebKit/537.36 (KHTML, like Gecko) Chrome/38.0.2125.111 Safari/537.36"
35.2.105.114 - - [03/Nov/2014:20:30:11 -0500] "GET /search/static/flickr-images/199.jpg HTTP/1.1" 404 - "http://eecs485-02.eecs.umich.edu:5616/search/picture?id=197" "Mozilla/5.0 (Macintosh; Intel Mac OS X 10_10_0) AppleWebKit/537.36 (KHTML, like Gecko) Chrome/38.0.2125.111 Safari/537.36"
35.2.105.114 - - [03/Nov/2014:20:30:11 -0500] "GET /search/static/flickr-images/196.jpg HTTP/1.1" 404 - "http://eecs485-02.eecs.umich.edu:5616/search/picture?id=197" "Mozilla/5.0 (Macintosh; Intel Mac OS X 10_10_0) AppleWebKit/537.36 (KHTML, like Gecko) Chrome/38.0.2125.111 Safari/537.36"
35.2.105.114 - - [03/Nov/2014:20:30:11 -0500] "GET /search/static/flickr-images/193.jpg HTTP/1.1" 404 - "http://eecs485-02.eecs.umich.edu:5616/search/picture?id=197" "Mozilla/5.0 (Macintosh; Intel Mac OS X 10_10_0) AppleWebKit/537.36 (KHTML, like Gecko) Chrome/38.0.2125.111 Safari/537.36"
35.2.105.114 - - [03/Nov/2014:20:30:11 -0500] "GET /search/static/flickr-images/93.jpg HTTP/1.1" 404 - "http://eecs485-02.eecs.umich.edu:5616/search/picture?id=197" "Mozilla/5.0 (Macintosh; Intel Mac OS X 10_10_0) AppleWebKit/537.36 (KHTML, like Gecko) Chrome/38.0.2125.111 Safari/537.36"
35.2.105.114 - - [03/Nov/2014:20:30:11 -0500] "GET /search/static/flickr-images/194.jpg HTTP/1.1" 404 - "http://eecs485-02.eecs.umich.edu:5616/search/picture?id=197" "Mozilla/5.0 (Macintosh; Intel Mac OS X 10_10_0) AppleWebKit/537.36 (KHTML, like Gecko) Chrome/38.0.2125.111 Safari/537.36"
35.2.105.114 - - [03/Nov/2014:20:30:12 -0500] "GET /search/picture?id=197 HTTP/1.1" 200 4018 "http://eecs485-02.eecs.umich.edu:5616/search?q=white" "Mozilla/5.0 (Macintosh; Intel Mac OS X 10_10_0) AppleWebKit/537.36 (KHTML, like Gecko) Chrome/38.0.2125.111 Safari/537.36"
::1 - - [03/Nov/2014:20:30:19 -0500] "OPTIONS * HTTP/1.0" 200 - "-" "Apache/2.4.10 (Fedora) PHP/5.5.16 (internal dummy connection)"
35.2.105.114 - - [03/Nov/2014:20:30:48 -0500] "GET /search/static/flickr-images/197.jpg HTTP/1.1" 404 - "http://eecs485-02.eecs.umich.edu:5616/search/picture?id=197" "Mozilla/5.0 (Macintosh; Intel Mac OS X 10_10_0) AppleWebKit/537.36 (KHTML, like Gecko) Chrome/38.0.2125.111 Safari/537.36"
35.2.105.114 - - [03/Nov/2014:20:30:53 -0500] "GET /search?q=white HTTP/1.1" 200 3489 "http://eecs485-02.eecs.umich.edu:5616/search" "Mozilla/5.0 (Macintosh; Intel Mac OS X 10_10_0) AppleWebKit/537.36 (KHTML, like Gecko) Chrome/38.0.2125.111 Safari/537.36"
35.2.105.114 - - [03/Nov/2014:20:30:56 -0500] "GET /search/picture?id=197 HTTP/1.1" 200 4018 "http://eecs485-02.eecs.umich.edu:5616/search?q=white" "Mozilla/5.0 (Macintosh; Intel Mac OS X 10_10_0) AppleWebKit/537.36 (KHTML, like Gecko) Chrome/38.0.2125.111 Safari/537.36"
35.2.105.114 - - [03/Nov/2014:20:30:56 -0500] "GET /search/static/flickr-images/197.jpg HTTP/1.1" 404 - "http://eecs485-02.eecs.umich.edu:5616/search/picture?id=197" "Mozilla/5.0 (Macintosh; Intel Mac OS X 10_10_0) AppleWebKit/537.36 (KHTML, like Gecko) Chrome/38.0.2125.111 Safari/537.36"
35.2.105.114 - - [03/Nov/2014:20:30:56 -0500] "GET /search/static/flickr-images/196.jpg HTTP/1.1" 404 - "http://eecs485-02.eecs.umich.edu:5616/search/picture?id=197" "Mozilla/5.0 (Macintosh; Intel Mac OS X 10_10_0) AppleWebKit/537.36 (KHTML, like Gecko) Chrome/38.0.2125.111 Safari/537.36"
35.2.105.114 - - [03/Nov/2014:20:30:56 -0500] "GET /search/static/flickr-images/199.jpg HTTP/1.1" 404 - "http://eecs485-02.eecs.umich.edu:5616/search/picture?id=197" "Mozilla/5.0 (Macintosh; Intel Mac OS X 10_10_0) AppleWebKit/537.36 (KHTML, like Gecko) Chrome/38.0.2125.111 Safari/537.36"
35.2.105.114 - - [03/Nov/2014:20:30:56 -0500] "GET /search/static/flickr-images/198.jpg HTTP/1.1" 404 - "http://eecs485-02.eecs.umich.edu:5616/search/picture?id=197" "Mozilla/5.0 (Macintosh; Intel Mac OS X 10_10_0) AppleWebKit/537.36 (KHTML, like Gecko) Chrome/38.0.2125.111 Safari/537.36"
35.2.105.114 - - [03/Nov/2014:20:30:56 -0500] "GET /search/static/flickr-images/93.jpg HTTP/1.1" 404 - "http://eecs485-02.eecs.umich.edu:5616/search/picture?id=197" "Mozilla/5.0 (Macintosh; Intel Mac OS X 10_10_0) AppleWebKit/537.36 (KHTML, like Gecko) Chrome/38.0.2125.111 Safari/537.36"
35.2.105.114 - - [03/Nov/2014:20:30:56 -0500] "GET /search/static/flickr-images/178.jpg HTTP/1.1" 404 - "http://eecs485-02.eecs.umich.edu:5616/search/picture?id=197" "Mozilla/5.0 (Macintosh; Intel Mac OS X 10_10_0) AppleWebKit/537.36 (KHTML, like Gecko) Chrome/38.0.2125.111 Safari/537.36"
35.2.105.114 - - [03/Nov/2014:20:30:56 -0500] "GET /search/static/flickr-images/193.jpg HTTP/1.1" 404 - "http://eecs485-02.eecs.umich.edu:5616/search/picture?id=197" "Mozilla/5.0 (Macintosh; Intel Mac OS X 10_10_0) AppleWebKit/537.36 (KHTML, like Gecko) Chrome/38.0.2125.111 Safari/537.36"
35.2.105.114 - - [03/Nov/2014:20:30:56 -0500] "GET /search/static/flickr-images/194.jpg HTTP/1.1" 404 - "http://eecs485-02.eecs.umich.edu:5616/search/picture?id=197" "Mozilla/5.0 (Macintosh; Intel Mac OS X 10_10_0) AppleWebKit/537.36 (KHTML, like Gecko) Chrome/38.0.2125.111 Safari/537.36"
35.2.105.114 - - [03/Nov/2014:20:30:56 -0500] "GET /search/static/flickr-images/200.jpg HTTP/1.1" 404 - "http://eecs485-02.eecs.umich.edu:5616/search/picture?id=197" "Mozilla/5.0 (Macintosh; Intel Mac OS X 10_10_0) AppleWebKit/537.36 (KHTML, like Gecko) Chrome/38.0.2125.111 Safari/537.36"
::1 - - [03/Nov/2014:20:31:04 -0500] "OPTIONS * HTTP/1.0" 200 - "-" "Apache/2.4.10 (Fedora) PHP/5.5.16 (internal dummy connection)"
35.2.105.114 - - [03/Nov/2014:20:31:05 -0500] "GET /search?q=white HTTP/1.1" 200 3489 "http://eecs485-02.eecs.umich.edu:5616/search" "Mozilla/5.0 (Macintosh; Intel Mac OS X 10_10_0) AppleWebKit/537.36 (KHTML, like Gecko) Chrome/38.0.2125.111 Safari/537.36"
35.2.105.114 - - [03/Nov/2014:20:31:17 -0500] "GET /search/static/flickr-images/197.jpg HTTP/1.1" 404 - "http://eecs485-02.eecs.umich.edu:5616/search/picture?id=197" "Mozilla/5.0 (Macintosh; Intel Mac OS X 10_10_0) AppleWebKit/537.36 (KHTML, like Gecko) Chrome/38.0.2125.111 Safari/537.36"
35.2.105.114 - - [03/Nov/2014:20:32:02 -0500] "GET /search/picture?id=197 HTTP/1.1" 200 4018 "http://eecs485-02.eecs.umich.edu:5616/search?q=white" "Mozilla/5.0 (Macintosh; Intel Mac OS X 10_10_0) AppleWebKit/537.36 (KHTML, like Gecko) Chrome/38.0.2125.111 Safari/537.36"
35.2.105.114 - - [03/Nov/2014:20:32:02 -0500] "GET /search/static/flickr-images/197.jpg HTTP/1.1" 404 - "http://eecs485-02.eecs.umich.edu:5616/search/picture?id=197" "Mozilla/5.0 (Macintosh; Intel Mac OS X 10_10_0) AppleWebKit/537.36 (KHTML, like Gecko) Chrome/38.0.2125.111 Safari/537.36"
35.2.105.114 - - [03/Nov/2014:20:32:02 -0500] "GET /search/static/flickr-images/199.jpg HTTP/1.1" 404 - "http://eecs485-02.eecs.umich.edu:5616/search/picture?id=197" "Mozilla/5.0 (Macintosh; Intel Mac OS X 10_10_0) AppleWebKit/537.36 (KHTML, like Gecko) Chrome/38.0.2125.111 Safari/537.36"
35.2.105.114 - - [03/Nov/2014:20:32:02 -0500] "GET /search/static/flickr-images/198.jpg HTTP/1.1" 404 - "http://eecs485-02.eecs.umich.edu:5616/search/picture?id=197" "Mozilla/5.0 (Macintosh; Intel Mac OS X 10_10_0) AppleWebKit/537.36 (KHTML, like Gecko) Chrome/38.0.2125.111 Safari/537.36"
35.2.105.114 - - [03/Nov/2014:20:32:02 -0500] "GET /search/static/flickr-images/178.jpg HTTP/1.1" 404 - "http://eecs485-02.eecs.umich.edu:5616/search/picture?id=197" "Mozilla/5.0 (Macintosh; Intel Mac OS X 10_10_0) AppleWebKit/537.36 (KHTML, like Gecko) Chrome/38.0.2125.111 Safari/537.36"
35.2.105.114 - - [03/Nov/2014:20:32:02 -0500] "GET /search/static/flickr-images/196.jpg HTTP/1.1" 404 - "http://eecs485-02.eecs.umich.edu:5616/search/picture?id=197" "Mozilla/5.0 (Macintosh; Intel Mac OS X 10_10_0) AppleWebKit/537.36 (KHTML, like Gecko) Chrome/38.0.2125.111 Safari/537.36"
35.2.105.114 - - [03/Nov/2014:20:32:02 -0500] "GET /search/static/flickr-images/200.jpg HTTP/1.1" 404 - "http://eecs485-02.eecs.umich.edu:5616/search/picture?id=197" "Mozilla/5.0 (Macintosh; Intel Mac OS X 10_10_0) AppleWebKit/537.36 (KHTML, like Gecko) Chrome/38.0.2125.111 Safari/537.36"
35.2.105.114 - - [03/Nov/2014:20:32:02 -0500] "GET /search/static/flickr-images/93.jpg HTTP/1.1" 404 - "http://eecs485-02.eecs.umich.edu:5616/search/picture?id=197" "Mozilla/5.0 (Macintosh; Intel Mac OS X 10_10_0) AppleWebKit/537.36 (KHTML, like Gecko) Chrome/38.0.2125.111 Safari/537.36"
35.2.105.114 - - [03/Nov/2014:20:32:02 -0500] "GET /search/static/flickr-images/194.jpg HTTP/1.1" 404 - "http://eecs485-02.eecs.umich.edu:5616/search/picture?id=197" "Mozilla/5.0 (Macintosh; Intel Mac OS X 10_10_0) AppleWebKit/537.36 (KHTML, like Gecko) Chrome/38.0.2125.111 Safari/537.36"
35.2.105.114 - - [03/Nov/2014:20:32:02 -0500] "GET /search/static/flickr-images/193.jpg HTTP/1.1" 404 - "http://eecs485-02.eecs.umich.edu:5616/search/picture?id=197" "Mozilla/5.0 (Macintosh; Intel Mac OS X 10_10_0) AppleWebKit/537.36 (KHTML, like Gecko) Chrome/38.0.2125.111 Safari/537.36"
::1 - - [03/Nov/2014:20:32:09 -0500] "OPTIONS * HTTP/1.0" 200 - "-" "Apache/2.4.10 (Fedora) PHP/5.5.16 (internal dummy connection)"
35.2.105.114 - - [03/Nov/2014:20:32:11 -0500] "GET /search/picture?id=197 HTTP/1.1" 200 4018 "http://eecs485-02.eecs.umich.edu:5616/search?q=white" "Mozilla/5.0 (Macintosh; Intel Mac OS X 10_10_0) AppleWebKit/537.36 (KHTML, like Gecko) Chrome/38.0.2125.111 Safari/537.36"
35.2.105.114 - - [03/Nov/2014:20:32:17 -0500] "GET /search/static/flickr-images/197.jpg HTTP/1.1" 404 - "http://eecs485-02.eecs.umich.edu:5616/search/picture?id=197" "Mozilla/5.0 (Macintosh; Intel Mac OS X 10_10_0) AppleWebKit/537.36 (KHTML, like Gecko) Chrome/38.0.2125.111 Safari/537.36"
35.2.105.114 - - [03/Nov/2014:20:32:34 -0500] "GET /search?q=white HTTP/1.1" 200 3489 "http://eecs485-02.eecs.umich.edu:5616/search" "Mozilla/5.0 (Macintosh; Intel Mac OS X 10_10_0) AppleWebKit/537.36 (KHTML, like Gecko) Chrome/38.0.2125.111 Safari/537.36"
35.2.105.114 - - [03/Nov/2014:20:32:44 -0500] "GET /search/picture?id=197 HTTP/1.1" 200 4018 "http://eecs485-02.eecs.umich.edu:5616/search?q=white" "Mozilla/5.0 (Macintosh; Intel Mac OS X 10_10_0) AppleWebKit/537.36 (KHTML, like Gecko) Chrome/38.0.2125.111 Safari/537.36"
35.2.105.114 - - [03/Nov/2014:20:32:44 -0500] "GET /search/static/flickr-images/197.jpg HTTP/1.1" 404 - "http://eecs485-02.eecs.umich.edu:5616/search/picture?id=197" "Mozilla/5.0 (Macintosh; Intel Mac OS X 10_10_0) AppleWebKit/537.36 (KHTML, like Gecko) Chrome/38.0.2125.111 Safari/537.36"
35.2.105.114 - - [03/Nov/2014:20:32:44 -0500] "GET /search/static/flickr-images/196.jpg HTTP/1.1" 404 - "http://eecs485-02.eecs.umich.edu:5616/search/picture?id=197" "Mozilla/5.0 (Macintosh; Intel Mac OS X 10_10_0) AppleWebKit/537.36 (KHTML, like Gecko) Chrome/38.0.2125.111 Safari/537.36"
35.2.105.114 - - [03/Nov/2014:20:32:44 -0500] "GET /search/static/flickr-images/199.jpg HTTP/1.1" 404 - "http://eecs485-02.eecs.umich.edu:5616/search/picture?id=197" "Mozilla/5.0 (Macintosh; Intel Mac OS X 10_10_0) AppleWebKit/537.36 (KHTML, like Gecko) Chrome/38.0.2125.111 Safari/537.36"
35.2.105.114 - - [03/Nov/2014:20:32:44 -0500] "GET /search/static/flickr-images/178.jpg HTTP/1.1" 404 - "http://eecs485-02.eecs.umich.edu:5616/search/picture?id=197" "Mozilla/5.0 (Macintosh; Intel Mac OS X 10_10_0) AppleWebKit/537.36 (KHTML, like Gecko) Chrome/38.0.2125.111 Safari/537.36"
35.2.105.114 - - [03/Nov/2014:20:32:44 -0500] "GET /search/static/flickr-images/198.jpg HTTP/1.1" 404 - "http://eecs485-02.eecs.umich.edu:5616/search/picture?id=197" "Mozilla/5.0 (Macintosh; Intel Mac OS X 10_10_0) AppleWebKit/537.36 (KHTML, like Gecko) Chrome/38.0.2125.111 Safari/537.36"
35.2.105.114 - - [03/Nov/2014:20:32:44 -0500] "GET /search/static/flickr-images/200.jpg HTTP/1.1" 404 - "http://eecs485-02.eecs.umich.edu:5616/search/picture?id=197" "Mozilla/5.0 (Macintosh; Intel Mac OS X 10_10_0) AppleWebKit/537.36 (KHTML, like Gecko) Chrome/38.0.2125.111 Safari/537.36"
35.2.105.114 - - [03/Nov/2014:20:32:44 -0500] "GET /search/static/flickr-images/93.jpg HTTP/1.1" 404 - "http://eecs485-02.eecs.umich.edu:5616/search/picture?id=197" "Mozilla/5.0 (Macintosh; Intel Mac OS X 10_10_0) AppleWebKit/537.36 (KHTML, like Gecko) Chrome/38.0.2125.111 Safari/537.36"
35.2.105.114 - - [03/Nov/2014:20:32:44 -0500] "GET /search/static/flickr-images/194.jpg HTTP/1.1" 404 - "http://eecs485-02.eecs.umich.edu:5616/search/picture?id=197" "Mozilla/5.0 (Macintosh; Intel Mac OS X 10_10_0) AppleWebKit/537.36 (KHTML, like Gecko) Chrome/38.0.2125.111 Safari/537.36"
35.2.105.114 - - [03/Nov/2014:20:32:44 -0500] "GET /search/static/flickr-images/193.jpg HTTP/1.1" 404 - "http://eecs485-02.eecs.umich.edu:5616/search/picture?id=197" "Mozilla/5.0 (Macintosh; Intel Mac OS X 10_10_0) AppleWebKit/537.36 (KHTML, like Gecko) Chrome/38.0.2125.111 Safari/537.36"
35.2.105.114 - - [03/Nov/2014:20:32:46 -0500] "GET /search?q=white HTTP/1.1" 200 3489 "http://eecs485-02.eecs.umich.edu:5616/search" "Mozilla/5.0 (Macintosh; Intel Mac OS X 10_10_0) AppleWebKit/537.36 (KHTML, like Gecko) Chrome/38.0.2125.111 Safari/537.36"
35.2.105.114 - - [03/Nov/2014:20:32:53 -0500] "GET /search/picture?id=197 HTTP/1.1" 200 4018 "http://eecs485-02.eecs.umich.edu:5616/search?q=white" "Mozilla/5.0 (Macintosh; Intel Mac OS X 10_10_0) AppleWebKit/537.36 (KHTML, like Gecko) Chrome/38.0.2125.111 Safari/537.36"
35.2.105.114 - - [03/Nov/2014:20:32:53 -0500] "GET /search/static/flickr-images/197.jpg HTTP/1.1" 404 - "http://eecs485-02.eecs.umich.edu:5616/search/picture?id=197" "Mozilla/5.0 (Macintosh; Intel Mac OS X 10_10_0) AppleWebKit/537.36 (KHTML, like Gecko) Chrome/38.0.2125.111 Safari/537.36"
35.2.105.114 - - [03/Nov/2014:20:32:53 -0500] "GET /search/static/flickr-images/199.jpg HTTP/1.1" 404 - "http://eecs485-02.eecs.umich.edu:5616/search/picture?id=197" "Mozilla/5.0 (Macintosh; Intel Mac OS X 10_10_0) AppleWebKit/537.36 (KHTML, like Gecko) Chrome/38.0.2125.111 Safari/537.36"
35.2.105.114 - - [03/Nov/2014:20:32:53 -0500] "GET /search/static/flickr-images/196.jpg HTTP/1.1" 404 - "http://eecs485-02.eecs.umich.edu:5616/search/picture?id=197" "Mozilla/5.0 (Macintosh; Intel Mac OS X 10_10_0) AppleWebKit/537.36 (KHTML, like Gecko) Chrome/38.0.2125.111 Safari/537.36"
35.2.105.114 - - [03/Nov/2014:20:32:53 -0500] "GET /search/static/flickr-images/178.jpg HTTP/1.1" 404 - "http://eecs485-02.eecs.umich.edu:5616/search/picture?id=197" "Mozilla/5.0 (Macintosh; Intel Mac OS X 10_10_0) AppleWebKit/537.36 (KHTML, like Gecko) Chrome/38.0.2125.111 Safari/537.36"
35.2.105.114 - - [03/Nov/2014:20:32:53 -0500] "GET /search/static/flickr-images/198.jpg HTTP/1.1" 404 - "http://eecs485-02.eecs.umich.edu:5616/search/picture?id=197" "Mozilla/5.0 (Macintosh; Intel Mac OS X 10_10_0) AppleWebKit/537.36 (KHTML, like Gecko) Chrome/38.0.2125.111 Safari/537.36"
