35.2.180.199 - - [31/Oct/2014:15:56:59 -0400] "GET /rgrnke/pa2 HTTP/1.1" 200 6176 "-" "Mozilla/5.0 (Macintosh; Intel Mac OS X 10_10) AppleWebKit/600.1.25 (KHTML, like Gecko) Version/8.0 Safari/600.1.25"
35.2.110.191 - - [31/Oct/2014:16:26:30 -0400] "GET /rgrnke/pa2 HTTP/1.1" 200 6176 "-" "Mozilla/5.0 (Macintosh; Intel Mac OS X 10_10) AppleWebKit/600.1.25 (KHTML, like Gecko) Version/8.0 Safari/600.1.25"
35.2.110.191 - - [31/Oct/2014:16:26:30 -0400] "GET /rgrnke/pa2 HTTP/1.1" 200 6176 "-" "Mozilla/5.0 (iPhone; CPU iPhone OS 7_0 like Mac OS X) AppleWebKit/537.51.1 (KHTML, like Gecko) Version/7.0 Mobile/11A465 Safari/9537.53"
35.2.110.191 - - [31/Oct/2014:16:26:30 -0400] "GET /apple-touch-icon-precomposed.png HTTP/1.1" 404 - "-" "com.apple.WebKit.WebContent/10600.1.25 CFNetwork/720.0.9 Darwin/14.0.0 (x86_64)"
35.2.110.191 - - [31/Oct/2014:16:26:31 -0400] "GET /apple-touch-icon.png HTTP/1.1" 404 - "-" "com.apple.WebKit.WebContent/10600.1.25 CFNetwork/720.0.9 Darwin/14.0.0 (x86_64)"
35.2.66.128 - - [31/Oct/2014:16:46:25 -0400] "GET /search?q=eee HTTP/1.1" 500 3 "-" "Mozilla/5.0 (Macintosh; Intel Mac OS X 10_9_5) AppleWebKit/537.36 (KHTML, like Gecko) Chrome/38.0.2125.104 Safari/537.36"
35.2.66.128 - - [31/Oct/2014:16:47:21 -0400] "GET /search?q=eee HTTP/1.1" 500 3 "-" "Mozilla/5.0 (Macintosh; Intel Mac OS X 10_9_5) AppleWebKit/537.36 (KHTML, like Gecko) Chrome/38.0.2125.104 Safari/537.36"
35.2.66.128 - - [31/Oct/2014:16:47:23 -0400] "GET /search?q=eee HTTP/1.1" 500 3 "-" "Mozilla/5.0 (Macintosh; Intel Mac OS X 10_9_5) AppleWebKit/537.36 (KHTML, like Gecko) Chrome/38.0.2125.104 Safari/537.36"
35.2.66.128 - - [31/Oct/2014:16:49:25 -0400] "GET /search?q=eee HTTP/1.1" 500 8 "-" "Mozilla/5.0 (Macintosh; Intel Mac OS X 10_9_5) AppleWebKit/537.36 (KHTML, like Gecko) Chrome/38.0.2125.104 Safari/537.36"
35.2.110.191 - - [31/Oct/2014:16:59:13 -0400] "GET /rgrnke/pa2 HTTP/1.1" 200 6176 "-" "Mozilla/5.0 (Macintosh; Intel Mac OS X 10_10) AppleWebKit/600.1.25 (KHTML, like Gecko) Version/8.0 Safari/600.1.25"
35.2.110.191 - - [31/Oct/2014:16:59:14 -0400] "GET /static/css/bootstrap-3.2.0-dist/css/bootstrap.min.css HTTP/1.1" 200 109518 "http://eecs485-02.eecs.umich.edu:5616/rgrnke/pa2" "Mozilla/5.0 (Macintosh; Intel Mac OS X 10_10) AppleWebKit/600.1.25 (KHTML, like Gecko) Version/8.0 Safari/600.1.25"
35.2.110.191 - - [31/Oct/2014:16:59:14 -0400] "GET /static/css/style.css HTTP/1.1" 200 3082 "http://eecs485-02.eecs.umich.edu:5616/rgrnke/pa2" "Mozilla/5.0 (Macintosh; Intel Mac OS X 10_10) AppleWebKit/600.1.25 (KHTML, like Gecko) Version/8.0 Safari/600.1.25"
35.2.110.191 - - [31/Oct/2014:16:59:14 -0400] "GET /static/js/main.js HTTP/1.1" 200 31 "http://eecs485-02.eecs.umich.edu:5616/rgrnke/pa2" "Mozilla/5.0 (Macintosh; Intel Mac OS X 10_10) AppleWebKit/600.1.25 (KHTML, like Gecko) Version/8.0 Safari/600.1.25"
35.2.110.191 - - [31/Oct/2014:16:59:14 -0400] "GET /static/css/Pic/favicon.ico HTTP/1.1" 200 14102 "http://eecs485-02.eecs.umich.edu:5616/rgrnke/pa2" "Mozilla/5.0 (Macintosh; Intel Mac OS X 10_10) AppleWebKit/600.1.25 (KHTML, like Gecko) Version/8.0 Safari/600.1.25"
35.2.110.191 - - [31/Oct/2014:16:59:18 -0400] "GET /rgrnke/pa2/search HTTP/1.1" 404 - "-" "Mozilla/5.0 (Macintosh; Intel Mac OS X 10_10) AppleWebKit/600.1.25 (KHTML, like Gecko) Version/8.0 Safari/600.1.25"
35.2.110.191 - - [31/Oct/2014:16:59:19 -0400] "GET /favicon.ico HTTP/1.1" 404 - "http://eecs485-02.eecs.umich.edu:5616/rgrnke/pa2/search" "Mozilla/5.0 (Macintosh; Intel Mac OS X 10_10) AppleWebKit/600.1.25 (KHTML, like Gecko) Version/8.0 Safari/600.1.25"
::1 - - [31/Oct/2014:16:59:26 -0400] "OPTIONS * HTTP/1.0" 200 - "-" "Apache/2.4.10 (Fedora) PHP/5.5.16 (internal dummy connection)"
::1 - - [31/Oct/2014:16:59:27 -0400] "OPTIONS * HTTP/1.0" 200 - "-" "Apache/2.4.10 (Fedora) PHP/5.5.16 (internal dummy connection)"
35.2.110.191 - - [31/Oct/2014:16:59:31 -0400] "GET /rgrnke/pa2/search?q=123 HTTP/1.1" 404 - "-" "Mozilla/5.0 (Macintosh; Intel Mac OS X 10_10) AppleWebKit/600.1.25 (KHTML, like Gecko) Version/8.0 Safari/600.1.25"
35.2.66.128 - - [31/Oct/2014:16:59:47 -0400] "GET /search?q=eee HTTP/1.1" 500 8 "-" "Mozilla/5.0 (Macintosh; Intel Mac OS X 10_9_5) AppleWebKit/537.36 (KHTML, like Gecko) Chrome/38.0.2125.104 Safari/537.36"
35.2.77.17 - - [31/Oct/2014:16:59:58 -0400] "GET /rgrnke/pa2 HTTP/1.1" 200 6176 "-" "Mozilla/5.0 (Macintosh; Intel Mac OS X 10_10_0) AppleWebKit/537.36 (KHTML, like Gecko) Chrome/38.0.2125.111 Safari/537.36"
35.2.66.128 - - [31/Oct/2014:16:59:58 -0400] "GET /rgrnke/pa2/forget HTTP/1.1" 200 2741 "-" "Mozilla/5.0 (Macintosh; Intel Mac OS X 10_9_5) AppleWebKit/537.36 (KHTML, like Gecko) Chrome/38.0.2125.104 Safari/537.36"
35.2.77.17 - - [31/Oct/2014:17:00:01 -0400] "GET /rgrnke/pa3 HTTP/1.1" 404 - "-" "Mozilla/5.0 (Macintosh; Intel Mac OS X 10_10_0) AppleWebKit/537.36 (KHTML, like Gecko) Chrome/38.0.2125.111 Safari/537.36"
35.2.77.17 - - [31/Oct/2014:17:00:03 -0400] "GET /rgrnke/pa2 HTTP/1.1" 200 6176 "-" "Mozilla/5.0 (Macintosh; Intel Mac OS X 10_10_0) AppleWebKit/537.36 (KHTML, like Gecko) Chrome/38.0.2125.111 Safari/537.36"
35.2.66.128 - - [31/Oct/2014:17:00:07 -0400] "GET /rgrnke/pa2 HTTP/1.1" 200 6176 "-" "Mozilla/5.0 (Macintosh; Intel Mac OS X 10_9_5) AppleWebKit/537.36 (KHTML, like Gecko) Chrome/38.0.2125.104 Safari/537.36"
35.2.77.17 - - [31/Oct/2014:17:00:11 -0400] "GET /rgrnke/pa2/search HTTP/1.1" 404 - "-" "Mozilla/5.0 (Macintosh; Intel Mac OS X 10_10_0) AppleWebKit/537.36 (KHTML, like Gecko) Chrome/38.0.2125.111 Safari/537.36"
35.2.77.17 - - [31/Oct/2014:17:00:18 -0400] "GET /rgrnke/pa2/search?q=333 HTTP/1.1" 404 - "-" "Mozilla/5.0 (Macintosh; Intel Mac OS X 10_10_0) AppleWebKit/537.36 (KHTML, like Gecko) Chrome/38.0.2125.111 Safari/537.36"
35.2.77.17 - - [31/Oct/2014:17:00:35 -0400] "GET /search?q=333 HTTP/1.1" 500 16 "-" "Mozilla/5.0 (Macintosh; Intel Mac OS X 10_10_0) AppleWebKit/537.36 (KHTML, like Gecko) Chrome/38.0.2125.111 Safari/537.36"
35.2.77.17 - - [31/Oct/2014:17:00:49 -0400] "GET /search?q=water HTTP/1.1" 500 18 "-" "Mozilla/5.0 (Macintosh; Intel Mac OS X 10_10_0) AppleWebKit/537.36 (KHTML, like Gecko) Chrome/38.0.2125.111 Safari/537.36"
35.2.77.17 - - [31/Oct/2014:17:00:59 -0400] "GET /search?q=air HTTP/1.1" 500 16 "-" "Mozilla/5.0 (Macintosh; Intel Mac OS X 10_10_0) AppleWebKit/537.36 (KHTML, like Gecko) Chrome/38.0.2125.111 Safari/537.36"
35.2.77.17 - - [31/Oct/2014:17:01:19 -0400] "GET /search?q=air HTTP/1.1" 500 16 "-" "Mozilla/5.0 (Macintosh; Intel Mac OS X 10_10_0) AppleWebKit/537.36 (KHTML, like Gecko) Chrome/38.0.2125.111 Safari/537.36"
35.2.77.17 - - [31/Oct/2014:17:01:22 -0400] "GET /search?q=air HTTP/1.1" 500 16 "-" "Mozilla/5.0 (Macintosh; Intel Mac OS X 10_10_0) AppleWebKit/537.36 (KHTML, like Gecko) Chrome/38.0.2125.111 Safari/537.36"
35.2.77.17 - - [31/Oct/2014:17:01:40 -0400] "GET /search?q=back HTTP/1.1" 500 17 "-" "Mozilla/5.0 (Macintosh; Intel Mac OS X 10_10_0) AppleWebKit/537.36 (KHTML, like Gecko) Chrome/38.0.2125.111 Safari/537.36"
35.2.77.17 - - [31/Oct/2014:17:11:58 -0400] "GET /search?q=back HTTP/1.1" 500 17 "-" "Mozilla/5.0 (Macintosh; Intel Mac OS X 10_10_0) AppleWebKit/537.36 (KHTML, like Gecko) Chrome/38.0.2125.111 Safari/537.36"
35.2.77.17 - - [31/Oct/2014:17:15:45 -0400] "GET /search?q=back HTTP/1.1" 500 17 "-" "Mozilla/5.0 (Macintosh; Intel Mac OS X 10_10_0) AppleWebKit/537.36 (KHTML, like Gecko) Chrome/38.0.2125.111 Safari/537.36"
35.2.77.17 - - [31/Oct/2014:17:16:22 -0400] "GET /search?q=back HTTP/1.1" 500 17 "-" "Mozilla/5.0 (Macintosh; Intel Mac OS X 10_10_0) AppleWebKit/537.36 (KHTML, like Gecko) Chrome/38.0.2125.111 Safari/537.36"
35.2.77.17 - - [31/Oct/2014:17:21:47 -0400] "GET /search?q=back HTTP/1.1" 500 112 "-" "Mozilla/5.0 (Macintosh; Intel Mac OS X 10_10_0) AppleWebKit/537.36 (KHTML, like Gecko) Chrome/38.0.2125.111 Safari/537.36"
35.2.77.17 - - [31/Oct/2014:17:22:39 -0400] "GET /search?q=back HTTP/1.1" 500 112 "-" "Mozilla/5.0 (Macintosh; Intel Mac OS X 10_10_0) AppleWebKit/537.36 (KHTML, like Gecko) Chrome/38.0.2125.111 Safari/537.36"
35.2.77.17 - - [31/Oct/2014:17:23:57 -0400] "GET /search?q=baseball HTTP/1.1" 500 876 "-" "Mozilla/5.0 (Macintosh; Intel Mac OS X 10_10_0) AppleWebKit/537.36 (KHTML, like Gecko) Chrome/38.0.2125.111 Safari/537.36"
35.2.77.17 - - [31/Oct/2014:17:25:32 -0400] "GET /search?q=baseball HTTP/1.1" 500 876 "-" "Mozilla/5.0 (Macintosh; Intel Mac OS X 10_10_0) AppleWebKit/537.36 (KHTML, like Gecko) Chrome/38.0.2125.111 Safari/537.36"
35.2.66.128 - - [31/Oct/2014:17:26:35 -0400] "GET /search?q=baseball HTTP/1.1" 500 876 "-" "Mozilla/5.0 (Macintosh; Intel Mac OS X 10_9_5) AppleWebKit/537.36 (KHTML, like Gecko) Chrome/38.0.2125.104 Safari/537.36"
35.2.77.17 - - [31/Oct/2014:17:26:56 -0400] "GET /search?q=%22baseball%22 HTTP/1.1" 500 23 "-" "Mozilla/5.0 (Macintosh; Intel Mac OS X 10_10_0) AppleWebKit/537.36 (KHTML, like Gecko) Chrome/38.0.2125.111 Safari/537.36"
35.2.77.17 - - [31/Oct/2014:17:27:07 -0400] "GET /search?q=baseball\\%20ball HTTP/1.1" 500 27 "-" "Mozilla/5.0 (Macintosh; Intel Mac OS X 10_10_0) AppleWebKit/537.36 (KHTML, like Gecko) Chrome/38.0.2125.111 Safari/537.36"
35.2.77.17 - - [31/Oct/2014:17:27:13 -0400] "GET /search?q=baseball%20ball HTTP/1.1" 500 881 "-" "Mozilla/5.0 (Macintosh; Intel Mac OS X 10_10_0) AppleWebKit/537.36 (KHTML, like Gecko) Chrome/38.0.2125.111 Safari/537.36"
35.2.77.17 - - [31/Oct/2014:17:27:17 -0400] "GET /search?q=baseball%20back HTTP/1.1" 500 977 "-" "Mozilla/5.0 (Macintosh; Intel Mac OS X 10_10_0) AppleWebKit/537.36 (KHTML, like Gecko) Chrome/38.0.2125.111 Safari/537.36"
35.2.66.128 - - [31/Oct/2014:17:28:50 -0400] "GET /search?q=baseball%20water HTTP/1.1" 500 978 "-" "Mozilla/5.0 (Macintosh; Intel Mac OS X 10_9_5) AppleWebKit/537.36 (KHTML, like Gecko) Chrome/38.0.2125.104 Safari/537.36"
35.2.66.128 - - [31/Oct/2014:17:38:51 -0400] "GET /search?q=baseball%20water HTTP/1.1" 200 1968 "-" "Mozilla/5.0 (Macintosh; Intel Mac OS X 10_9_5) AppleWebKit/537.36 (KHTML, like Gecko) Chrome/38.0.2125.104 Safari/537.36"
35.2.66.128 - - [31/Oct/2014:17:38:52 -0400] "GET /static/css/bootstrap-3.2.0-dist/css/bootstrap.min.css HTTP/1.1" 200 109518 "http://eecs485-02.eecs.umich.edu:5616/search?q=baseball%20water" "Mozilla/5.0 (Macintosh; Intel Mac OS X 10_9_5) AppleWebKit/537.36 (KHTML, like Gecko) Chrome/38.0.2125.104 Safari/537.36"
35.2.66.128 - - [31/Oct/2014:17:38:52 -0400] "GET /static/js/main.js HTTP/1.1" 200 31 "http://eecs485-02.eecs.umich.edu:5616/search?q=baseball%20water" "Mozilla/5.0 (Macintosh; Intel Mac OS X 10_9_5) AppleWebKit/537.36 (KHTML, like Gecko) Chrome/38.0.2125.104 Safari/537.36"
35.2.66.128 - - [31/Oct/2014:17:38:52 -0400] "GET /static/css/style.css HTTP/1.1" 200 3082 "http://eecs485-02.eecs.umich.edu:5616/search?q=baseball%20water" "Mozilla/5.0 (Macintosh; Intel Mac OS X 10_9_5) AppleWebKit/537.36 (KHTML, like Gecko) Chrome/38.0.2125.104 Safari/537.36"
35.2.66.128 - - [31/Oct/2014:17:39:47 -0400] "GET /search?q=baseball%20water HTTP/1.1" 200 1968 "-" "Mozilla/5.0 (Macintosh; Intel Mac OS X 10_9_5) AppleWebKit/537.36 (KHTML, like Gecko) Chrome/38.0.2125.104 Safari/537.36"
35.2.66.128 - - [31/Oct/2014:17:39:47 -0400] "GET /static/css/bootstrap-3.2.0-dist/css/bootstrap.min.css HTTP/1.1" 304 - "http://eecs485-02.eecs.umich.edu:5616/search?q=baseball%20water" "Mozilla/5.0 (Macintosh; Intel Mac OS X 10_9_5) AppleWebKit/537.36 (KHTML, like Gecko) Chrome/38.0.2125.104 Safari/537.36"
35.2.66.128 - - [31/Oct/2014:17:39:47 -0400] "GET /static/js/main.js HTTP/1.1" 304 - "http://eecs485-02.eecs.umich.edu:5616/search?q=baseball%20water" "Mozilla/5.0 (Macintosh; Intel Mac OS X 10_9_5) AppleWebKit/537.36 (KHTML, like Gecko) Chrome/38.0.2125.104 Safari/537.36"
35.2.66.128 - - [31/Oct/2014:17:39:47 -0400] "GET /static/css/style.css HTTP/1.1" 304 - "http://eecs485-02.eecs.umich.edu:5616/search?q=baseball%20water" "Mozilla/5.0 (Macintosh; Intel Mac OS X 10_9_5) AppleWebKit/537.36 (KHTML, like Gecko) Chrome/38.0.2125.104 Safari/537.36"
35.2.66.128 - - [31/Oct/2014:17:43:47 -0400] "GET /search?q=baseball%20water HTTP/1.1" 200 2192 "-" "Mozilla/5.0 (Macintosh; Intel Mac OS X 10_9_5) AppleWebKit/537.36 (KHTML, like Gecko) Chrome/38.0.2125.104 Safari/537.36"
35.2.66.128 - - [31/Oct/2014:17:43:47 -0400] "GET /static/css/bootstrap-3.2.0-dist/css/bootstrap.min.css HTTP/1.1" 304 - "http://eecs485-02.eecs.umich.edu:5616/search?q=baseball%20water" "Mozilla/5.0 (Macintosh; Intel Mac OS X 10_9_5) AppleWebKit/537.36 (KHTML, like Gecko) Chrome/38.0.2125.104 Safari/537.36"
35.2.66.128 - - [31/Oct/2014:17:43:47 -0400] "GET /static/css/style.css HTTP/1.1" 304 - "http://eecs485-02.eecs.umich.edu:5616/search?q=baseball%20water" "Mozilla/5.0 (Macintosh; Intel Mac OS X 10_9_5) AppleWebKit/537.36 (KHTML, like Gecko) Chrome/38.0.2125.104 Safari/537.36"
35.2.66.128 - - [31/Oct/2014:17:43:47 -0400] "GET /static/js/main.js HTTP/1.1" 304 - "http://eecs485-02.eecs.umich.edu:5616/search?q=baseball%20water" "Mozilla/5.0 (Macintosh; Intel Mac OS X 10_9_5) AppleWebKit/537.36 (KHTML, like Gecko) Chrome/38.0.2125.104 Safari/537.36"
35.2.66.128 - - [31/Oct/2014:17:44:32 -0400] "GET /search?q=baseball%20water HTTP/1.1" 200 2142 "-" "Mozilla/5.0 (Macintosh; Intel Mac OS X 10_9_5) AppleWebKit/537.36 (KHTML, like Gecko) Chrome/38.0.2125.104 Safari/537.36"
35.2.66.128 - - [31/Oct/2014:17:44:32 -0400] "GET /static/css/style.css HTTP/1.1" 304 - "http://eecs485-02.eecs.umich.edu:5616/search?q=baseball%20water" "Mozilla/5.0 (Macintosh; Intel Mac OS X 10_9_5) AppleWebKit/537.36 (KHTML, like Gecko) Chrome/38.0.2125.104 Safari/537.36"
35.2.66.128 - - [31/Oct/2014:17:44:32 -0400] "GET /static/css/bootstrap-3.2.0-dist/css/bootstrap.min.css HTTP/1.1" 304 - "http://eecs485-02.eecs.umich.edu:5616/search?q=baseball%20water" "Mozilla/5.0 (Macintosh; Intel Mac OS X 10_9_5) AppleWebKit/537.36 (KHTML, like Gecko) Chrome/38.0.2125.104 Safari/537.36"
35.2.66.128 - - [31/Oct/2014:17:44:32 -0400] "GET /static/js/main.js HTTP/1.1" 304 - "http://eecs485-02.eecs.umich.edu:5616/search?q=baseball%20water" "Mozilla/5.0 (Macintosh; Intel Mac OS X 10_9_5) AppleWebKit/537.36 (KHTML, like Gecko) Chrome/38.0.2125.104 Safari/537.36"
35.2.66.128 - - [31/Oct/2014:17:45:27 -0400] "GET /search?q=baseball%20water HTTP/1.1" 200 2173 "-" "Mozilla/5.0 (Macintosh; Intel Mac OS X 10_9_5) AppleWebKit/537.36 (KHTML, like Gecko) Chrome/38.0.2125.104 Safari/537.36"
35.2.66.128 - - [31/Oct/2014:17:45:27 -0400] "GET /static/css/bootstrap-3.2.0-dist/css/bootstrap.min.css HTTP/1.1" 304 - "http://eecs485-02.eecs.umich.edu:5616/search?q=baseball%20water" "Mozilla/5.0 (Macintosh; Intel Mac OS X 10_9_5) AppleWebKit/537.36 (KHTML, like Gecko) Chrome/38.0.2125.104 Safari/537.36"
35.2.66.128 - - [31/Oct/2014:17:45:27 -0400] "GET /static/css/style.css HTTP/1.1" 304 - "http://eecs485-02.eecs.umich.edu:5616/search?q=baseball%20water" "Mozilla/5.0 (Macintosh; Intel Mac OS X 10_9_5) AppleWebKit/537.36 (KHTML, like Gecko) Chrome/38.0.2125.104 Safari/537.36"
35.2.66.128 - - [31/Oct/2014:17:45:27 -0400] "GET /static/js/main.js HTTP/1.1" 304 - "http://eecs485-02.eecs.umich.edu:5616/search?q=baseball%20water" "Mozilla/5.0 (Macintosh; Intel Mac OS X 10_9_5) AppleWebKit/537.36 (KHTML, like Gecko) Chrome/38.0.2125.104 Safari/537.36"
35.2.66.128 - - [31/Oct/2014:17:45:57 -0400] "GET /search?q=baseball%20water HTTP/1.1" 200 2204 "-" "Mozilla/5.0 (Macintosh; Intel Mac OS X 10_9_5) AppleWebKit/537.36 (KHTML, like Gecko) Chrome/38.0.2125.104 Safari/537.36"
35.2.66.128 - - [31/Oct/2014:17:45:57 -0400] "GET /static/css/bootstrap-3.2.0-dist/css/bootstrap.min.css HTTP/1.1" 304 - "http://eecs485-02.eecs.umich.edu:5616/search?q=baseball%20water" "Mozilla/5.0 (Macintosh; Intel Mac OS X 10_9_5) AppleWebKit/537.36 (KHTML, like Gecko) Chrome/38.0.2125.104 Safari/537.36"
35.2.66.128 - - [31/Oct/2014:17:45:57 -0400] "GET /static/css/style.css HTTP/1.1" 304 - "http://eecs485-02.eecs.umich.edu:5616/search?q=baseball%20water" "Mozilla/5.0 (Macintosh; Intel Mac OS X 10_9_5) AppleWebKit/537.36 (KHTML, like Gecko) Chrome/38.0.2125.104 Safari/537.36"
35.2.66.128 - - [31/Oct/2014:17:45:57 -0400] "GET /static/js/main.js HTTP/1.1" 304 - "http://eecs485-02.eecs.umich.edu:5616/search?q=baseball%20water" "Mozilla/5.0 (Macintosh; Intel Mac OS X 10_9_5) AppleWebKit/537.36 (KHTML, like Gecko) Chrome/38.0.2125.104 Safari/537.36"
35.2.77.17 - - [31/Oct/2014:17:47:16 -0400] "GET /search?q=baseball%20back HTTP/1.1" 200 3161 "-" "Mozilla/5.0 (Macintosh; Intel Mac OS X 10_10_0) AppleWebKit/537.36 (KHTML, like Gecko) Chrome/38.0.2125.111 Safari/537.36"
35.2.66.128 - - [31/Oct/2014:17:47:28 -0400] "GET /search?q=baseball%20water HTTP/1.1" 200 3163 "-" "Mozilla/5.0 (Macintosh; Intel Mac OS X 10_9_5) AppleWebKit/537.36 (KHTML, like Gecko) Chrome/38.0.2125.104 Safari/537.36"
35.2.66.128 - - [31/Oct/2014:17:47:29 -0400] "GET /static/css/bootstrap-3.2.0-dist/css/bootstrap.min.css HTTP/1.1" 304 - "http://eecs485-02.eecs.umich.edu:5616/search?q=baseball%20water" "Mozilla/5.0 (Macintosh; Intel Mac OS X 10_9_5) AppleWebKit/537.36 (KHTML, like Gecko) Chrome/38.0.2125.104 Safari/537.36"
35.2.66.128 - - [31/Oct/2014:17:47:29 -0400] "GET /static/css/style.css HTTP/1.1" 304 - "http://eecs485-02.eecs.umich.edu:5616/search?q=baseball%20water" "Mozilla/5.0 (Macintosh; Intel Mac OS X 10_9_5) AppleWebKit/537.36 (KHTML, like Gecko) Chrome/38.0.2125.104 Safari/537.36"
35.2.66.128 - - [31/Oct/2014:17:47:29 -0400] "GET /static/js/main.js HTTP/1.1" 304 - "http://eecs485-02.eecs.umich.edu:5616/search?q=baseball%20water" "Mozilla/5.0 (Macintosh; Intel Mac OS X 10_9_5) AppleWebKit/537.36 (KHTML, like Gecko) Chrome/38.0.2125.104 Safari/537.36"
35.2.66.128 - - [31/Oct/2014:17:47:50 -0400] "GET /search?q=baseball,water HTTP/1.1" 200 3163 "-" "Mozilla/5.0 (Macintosh; Intel Mac OS X 10_9_5) AppleWebKit/537.36 (KHTML, like Gecko) Chrome/38.0.2125.104 Safari/537.36"
35.2.77.17 - - [31/Oct/2014:17:47:55 -0400] "GET /search?q=baseball%20back HTTP/1.1" 200 3161 "-" "Mozilla/5.0 (Macintosh; Intel Mac OS X 10_10_0) AppleWebKit/537.36 (KHTML, like Gecko) Chrome/38.0.2125.111 Safari/537.36"
35.2.77.17 - - [31/Oct/2014:17:47:55 -0400] "GET /static/css/style.css HTTP/1.1" 200 3082 "http://eecs485-02.eecs.umich.edu:5616/search?q=baseball%20back" "Mozilla/5.0 (Macintosh; Intel Mac OS X 10_10_0) AppleWebKit/537.36 (KHTML, like Gecko) Chrome/38.0.2125.111 Safari/537.36"
35.2.77.17 - - [31/Oct/2014:17:47:55 -0400] "GET /static/js/main.js HTTP/1.1" 200 31 "http://eecs485-02.eecs.umich.edu:5616/search?q=baseball%20back" "Mozilla/5.0 (Macintosh; Intel Mac OS X 10_10_0) AppleWebKit/537.36 (KHTML, like Gecko) Chrome/38.0.2125.111 Safari/537.36"
35.2.77.17 - - [31/Oct/2014:17:47:55 -0400] "GET /static/css/bootstrap-3.2.0-dist/css/bootstrap.min.css HTTP/1.1" 200 109518 "http://eecs485-02.eecs.umich.edu:5616/search?q=baseball%20back" "Mozilla/5.0 (Macintosh; Intel Mac OS X 10_10_0) AppleWebKit/537.36 (KHTML, like Gecko) Chrome/38.0.2125.111 Safari/537.36"
35.2.77.17 - - [31/Oct/2014:17:47:58 -0400] "GET /search?q=baseball%20back HTTP/1.1" 200 3161 "-" "Mozilla/5.0 (Macintosh; Intel Mac OS X 10_10_0) AppleWebKit/537.36 (KHTML, like Gecko) Chrome/38.0.2125.111 Safari/537.36"
35.2.77.17 - - [31/Oct/2014:17:47:58 -0400] "GET /static/css/bootstrap-3.2.0-dist/css/bootstrap.min.css HTTP/1.1" 304 - "http://eecs485-02.eecs.umich.edu:5616/search?q=baseball%20back" "Mozilla/5.0 (Macintosh; Intel Mac OS X 10_10_0) AppleWebKit/537.36 (KHTML, like Gecko) Chrome/38.0.2125.111 Safari/537.36"
35.2.77.17 - - [31/Oct/2014:17:47:58 -0400] "GET /static/css/style.css HTTP/1.1" 304 - "http://eecs485-02.eecs.umich.edu:5616/search?q=baseball%20back" "Mozilla/5.0 (Macintosh; Intel Mac OS X 10_10_0) AppleWebKit/537.36 (KHTML, like Gecko) Chrome/38.0.2125.111 Safari/537.36"
35.2.77.17 - - [31/Oct/2014:17:47:58 -0400] "GET /static/js/main.js HTTP/1.1" 304 - "http://eecs485-02.eecs.umich.edu:5616/search?q=baseball%20back" "Mozilla/5.0 (Macintosh; Intel Mac OS X 10_10_0) AppleWebKit/537.36 (KHTML, like Gecko) Chrome/38.0.2125.111 Safari/537.36"
35.2.66.128 - - [31/Oct/2014:17:48:01 -0400] "GET /search?q=baseball,water HTTP/1.1" 200 3163 "-" "Mozilla/5.0 (Macintosh; Intel Mac OS X 10_9_5) AppleWebKit/537.36 (KHTML, like Gecko) Chrome/38.0.2125.104 Safari/537.36"
35.2.77.17 - - [31/Oct/2014:17:48:10 -0400] "GET /search?q=baseball%20back HTTP/1.1" 200 3161 "-" "Mozilla/5.0 (Macintosh; Intel Mac OS X 10_10_0) AppleWebKit/537.36 (KHTML, like Gecko) Chrome/38.0.2125.111 Safari/537.36"
35.2.66.128 - - [31/Oct/2014:17:48:25 -0400] "GET /search? HTTP/1.1" 200 2184 "http://eecs485-02.eecs.umich.edu:5616/search?q=baseball,water" "Mozilla/5.0 (Macintosh; Intel Mac OS X 10_9_5) AppleWebKit/537.36 (KHTML, like Gecko) Chrome/38.0.2125.104 Safari/537.36"
35.2.66.128 - - [31/Oct/2014:17:48:28 -0400] "GET /search?q=baseball,water HTTP/1.1" 200 3163 "-" "Mozilla/5.0 (Macintosh; Intel Mac OS X 10_9_5) AppleWebKit/537.36 (KHTML, like Gecko) Chrome/38.0.2125.104 Safari/537.36"
35.2.77.17 - - [31/Oct/2014:17:51:55 -0400] "GET /search?q=baseball HTTP/1.1" 200 3055 "-" "Mozilla/5.0 (Macintosh; Intel Mac OS X 10_10_0) AppleWebKit/537.36 (KHTML, like Gecko) Chrome/38.0.2125.111 Safari/537.36"
35.2.77.17 - - [31/Oct/2014:17:55:55 -0400] "GET /search?q=baseball HTTP/1.1" 200 3046 "-" "Mozilla/5.0 (Macintosh; Intel Mac OS X 10_10_0) AppleWebKit/537.36 (KHTML, like Gecko) Chrome/38.0.2125.111 Safari/537.36"
35.2.77.17 - - [31/Oct/2014:17:55:55 -0400] "GET /static/css/bootstrap-3.2.0-dist/css/bootstrap.min.css HTTP/1.1" 304 - "http://eecs485-02.eecs.umich.edu:5616/search?q=baseball" "Mozilla/5.0 (Macintosh; Intel Mac OS X 10_10_0) AppleWebKit/537.36 (KHTML, like Gecko) Chrome/38.0.2125.111 Safari/537.36"
35.2.77.17 - - [31/Oct/2014:17:55:55 -0400] "GET /static/css/style.css HTTP/1.1" 304 - "http://eecs485-02.eecs.umich.edu:5616/search?q=baseball" "Mozilla/5.0 (Macintosh; Intel Mac OS X 10_10_0) AppleWebKit/537.36 (KHTML, like Gecko) Chrome/38.0.2125.111 Safari/537.36"
35.2.77.17 - - [31/Oct/2014:17:55:55 -0400] "GET /static/js/main.js HTTP/1.1" 304 - "http://eecs485-02.eecs.umich.edu:5616/search?q=baseball" "Mozilla/5.0 (Macintosh; Intel Mac OS X 10_10_0) AppleWebKit/537.36 (KHTML, like Gecko) Chrome/38.0.2125.111 Safari/537.36"
35.2.77.17 - - [31/Oct/2014:17:56:30 -0400] "GET /search?q=baseball HTTP/1.1" 200 3046 "-" "Mozilla/5.0 (Macintosh; Intel Mac OS X 10_10_0) AppleWebKit/537.36 (KHTML, like Gecko) Chrome/38.0.2125.111 Safari/537.36"
35.2.77.17 - - [31/Oct/2014:17:56:30 -0400] "GET /static/css/bootstrap-3.2.0-dist/css/bootstrap.min.css HTTP/1.1" 304 - "http://eecs485-02.eecs.umich.edu:5616/search?q=baseball" "Mozilla/5.0 (Macintosh; Intel Mac OS X 10_10_0) AppleWebKit/537.36 (KHTML, like Gecko) Chrome/38.0.2125.111 Safari/537.36"
35.2.77.17 - - [31/Oct/2014:17:56:30 -0400] "GET /static/css/style.css HTTP/1.1" 304 - "http://eecs485-02.eecs.umich.edu:5616/search?q=baseball" "Mozilla/5.0 (Macintosh; Intel Mac OS X 10_10_0) AppleWebKit/537.36 (KHTML, like Gecko) Chrome/38.0.2125.111 Safari/537.36"
35.2.77.17 - - [31/Oct/2014:17:56:30 -0400] "GET /static/js/main.js HTTP/1.1" 304 - "http://eecs485-02.eecs.umich.edu:5616/search?q=baseball" "Mozilla/5.0 (Macintosh; Intel Mac OS X 10_10_0) AppleWebKit/537.36 (KHTML, like Gecko) Chrome/38.0.2125.111 Safari/537.36"
35.2.66.128 - - [31/Oct/2014:17:57:17 -0400] "GET /search?q=baseball,water HTTP/1.1" 200 3153 "-" "Mozilla/5.0 (Macintosh; Intel Mac OS X 10_9_5) AppleWebKit/537.36 (KHTML, like Gecko) Chrome/38.0.2125.104 Safari/537.36"
35.2.66.128 - - [31/Oct/2014:17:57:17 -0400] "GET /static/css/bootstrap-3.2.0-dist/css/bootstrap.min.css HTTP/1.1" 304 - "http://eecs485-02.eecs.umich.edu:5616/search?q=baseball,water" "Mozilla/5.0 (Macintosh; Intel Mac OS X 10_9_5) AppleWebKit/537.36 (KHTML, like Gecko) Chrome/38.0.2125.104 Safari/537.36"
35.2.66.128 - - [31/Oct/2014:17:57:17 -0400] "GET /static/css/style.css HTTP/1.1" 304 - "http://eecs485-02.eecs.umich.edu:5616/search?q=baseball,water" "Mozilla/5.0 (Macintosh; Intel Mac OS X 10_9_5) AppleWebKit/537.36 (KHTML, like Gecko) Chrome/38.0.2125.104 Safari/537.36"
35.2.66.128 - - [31/Oct/2014:17:57:17 -0400] "GET /static/js/main.js HTTP/1.1" 304 - "http://eecs485-02.eecs.umich.edu:5616/search?q=baseball,water" "Mozilla/5.0 (Macintosh; Intel Mac OS X 10_9_5) AppleWebKit/537.36 (KHTML, like Gecko) Chrome/38.0.2125.104 Safari/537.36"
35.2.66.128 - - [31/Oct/2014:17:57:22 -0400] "GET /search HTTP/1.1" 200 4433 "-" "Mozilla/5.0 (Macintosh; Intel Mac OS X 10_9_5) AppleWebKit/537.36 (KHTML, like Gecko) Chrome/38.0.2125.104 Safari/537.36"
35.2.66.128 - - [31/Oct/2014:17:57:41 -0400] "GET /search HTTP/1.1" 200 4439 "-" "Mozilla/5.0 (Macintosh; Intel Mac OS X 10_9_5) AppleWebKit/537.36 (KHTML, like Gecko) Chrome/38.0.2125.104 Safari/537.36"
35.2.66.128 - - [31/Oct/2014:17:57:41 -0400] "GET /static/css/bootstrap-3.2.0-dist/css/bootstrap.min.css HTTP/1.1" 304 - "http://eecs485-02.eecs.umich.edu:5616/search" "Mozilla/5.0 (Macintosh; Intel Mac OS X 10_9_5) AppleWebKit/537.36 (KHTML, like Gecko) Chrome/38.0.2125.104 Safari/537.36"
35.2.66.128 - - [31/Oct/2014:17:57:41 -0400] "GET /static/css/style.css HTTP/1.1" 304 - "http://eecs485-02.eecs.umich.edu:5616/search" "Mozilla/5.0 (Macintosh; Intel Mac OS X 10_9_5) AppleWebKit/537.36 (KHTML, like Gecko) Chrome/38.0.2125.104 Safari/537.36"
35.2.66.128 - - [31/Oct/2014:17:57:41 -0400] "GET /static/js/main.js HTTP/1.1" 304 - "http://eecs485-02.eecs.umich.edu:5616/search" "Mozilla/5.0 (Macintosh; Intel Mac OS X 10_9_5) AppleWebKit/537.36 (KHTML, like Gecko) Chrome/38.0.2125.104 Safari/537.36"
35.2.66.128 - - [31/Oct/2014:17:58:06 -0400] "GET /search HTTP/1.1" 200 4435 "-" "Mozilla/5.0 (Macintosh; Intel Mac OS X 10_9_5) AppleWebKit/537.36 (KHTML, like Gecko) Chrome/38.0.2125.104 Safari/537.36"
35.2.66.128 - - [31/Oct/2014:17:58:06 -0400] "GET /static/css/bootstrap-3.2.0-dist/css/bootstrap.min.css HTTP/1.1" 304 - "http://eecs485-02.eecs.umich.edu:5616/search" "Mozilla/5.0 (Macintosh; Intel Mac OS X 10_9_5) AppleWebKit/537.36 (KHTML, like Gecko) Chrome/38.0.2125.104 Safari/537.36"
35.2.66.128 - - [31/Oct/2014:17:58:06 -0400] "GET /static/css/style.css HTTP/1.1" 304 - "http://eecs485-02.eecs.umich.edu:5616/search" "Mozilla/5.0 (Macintosh; Intel Mac OS X 10_9_5) AppleWebKit/537.36 (KHTML, like Gecko) Chrome/38.0.2125.104 Safari/537.36"
35.2.66.128 - - [31/Oct/2014:17:58:06 -0400] "GET /static/js/main.js HTTP/1.1" 304 - "http://eecs485-02.eecs.umich.edu:5616/search" "Mozilla/5.0 (Macintosh; Intel Mac OS X 10_9_5) AppleWebKit/537.36 (KHTML, like Gecko) Chrome/38.0.2125.104 Safari/537.36"
35.2.66.128 - - [31/Oct/2014:17:59:04 -0400] "GET /search HTTP/1.1" 200 2250 "-" "Mozilla/5.0 (Macintosh; Intel Mac OS X 10_9_5) AppleWebKit/537.36 (KHTML, like Gecko) Chrome/38.0.2125.104 Safari/537.36"
35.2.66.128 - - [31/Oct/2014:17:59:04 -0400] "GET /static/css/bootstrap-3.2.0-dist/css/bootstrap.min.css HTTP/1.1" 304 - "http://eecs485-02.eecs.umich.edu:5616/search" "Mozilla/5.0 (Macintosh; Intel Mac OS X 10_9_5) AppleWebKit/537.36 (KHTML, like Gecko) Chrome/38.0.2125.104 Safari/537.36"
35.2.66.128 - - [31/Oct/2014:17:59:04 -0400] "GET /static/css/style.css HTTP/1.1" 304 - "http://eecs485-02.eecs.umich.edu:5616/search" "Mozilla/5.0 (Macintosh; Intel Mac OS X 10_9_5) AppleWebKit/537.36 (KHTML, like Gecko) Chrome/38.0.2125.104 Safari/537.36"
35.2.66.128 - - [31/Oct/2014:17:59:04 -0400] "GET /static/js/main.js HTTP/1.1" 304 - "http://eecs485-02.eecs.umich.edu:5616/search" "Mozilla/5.0 (Macintosh; Intel Mac OS X 10_9_5) AppleWebKit/537.36 (KHTML, like Gecko) Chrome/38.0.2125.104 Safari/537.36"
35.2.77.17 - - [31/Oct/2014:18:00:15 -0400] "GET /search?q=baseball HTTP/1.1" 200 3036 "-" "Mozilla/5.0 (Macintosh; Intel Mac OS X 10_10_0) AppleWebKit/537.36 (KHTML, like Gecko) Chrome/38.0.2125.111 Safari/537.36"
35.2.77.17 - - [31/Oct/2014:18:00:15 -0400] "GET /static/css/bootstrap-3.2.0-dist/css/bootstrap.min.css HTTP/1.1" 304 - "http://eecs485-02.eecs.umich.edu:5616/search?q=baseball" "Mozilla/5.0 (Macintosh; Intel Mac OS X 10_10_0) AppleWebKit/537.36 (KHTML, like Gecko) Chrome/38.0.2125.111 Safari/537.36"
35.2.77.17 - - [31/Oct/2014:18:00:15 -0400] "GET /static/css/style.css HTTP/1.1" 304 - "http://eecs485-02.eecs.umich.edu:5616/search?q=baseball" "Mozilla/5.0 (Macintosh; Intel Mac OS X 10_10_0) AppleWebKit/537.36 (KHTML, like Gecko) Chrome/38.0.2125.111 Safari/537.36"
35.2.77.17 - - [31/Oct/2014:18:00:15 -0400] "GET /static/js/main.js HTTP/1.1" 304 - "http://eecs485-02.eecs.umich.edu:5616/search?q=baseball" "Mozilla/5.0 (Macintosh; Intel Mac OS X 10_10_0) AppleWebKit/537.36 (KHTML, like Gecko) Chrome/38.0.2125.111 Safari/537.36"
35.2.66.128 - - [31/Oct/2014:18:00:21 -0400] "GET /search HTTP/1.1" 200 2285 "-" "Mozilla/5.0 (Macintosh; Intel Mac OS X 10_9_5) AppleWebKit/537.36 (KHTML, like Gecko) Chrome/38.0.2125.104 Safari/537.36"
35.2.66.128 - - [31/Oct/2014:18:00:21 -0400] "GET /static/css/bootstrap-3.2.0-dist/css/bootstrap.min.css HTTP/1.1" 304 - "http://eecs485-02.eecs.umich.edu:5616/search" "Mozilla/5.0 (Macintosh; Intel Mac OS X 10_9_5) AppleWebKit/537.36 (KHTML, like Gecko) Chrome/38.0.2125.104 Safari/537.36"
35.2.66.128 - - [31/Oct/2014:18:00:21 -0400] "GET /static/css/style.css HTTP/1.1" 304 - "http://eecs485-02.eecs.umich.edu:5616/search" "Mozilla/5.0 (Macintosh; Intel Mac OS X 10_9_5) AppleWebKit/537.36 (KHTML, like Gecko) Chrome/38.0.2125.104 Safari/537.36"
35.2.66.128 - - [31/Oct/2014:18:00:21 -0400] "GET /static/js/main.js HTTP/1.1" 304 - "http://eecs485-02.eecs.umich.edu:5616/search" "Mozilla/5.0 (Macintosh; Intel Mac OS X 10_9_5) AppleWebKit/537.36 (KHTML, like Gecko) Chrome/38.0.2125.104 Safari/537.36"
35.2.77.17 - - [31/Oct/2014:18:00:25 -0400] "GET /search?q=baseball%20back HTTP/1.1" 200 3136 "-" "Mozilla/5.0 (Macintosh; Intel Mac OS X 10_10_0) AppleWebKit/537.36 (KHTML, like Gecko) Chrome/38.0.2125.111 Safari/537.36"
::1 - - [31/Oct/2014:18:00:33 -0400] "OPTIONS * HTTP/1.0" 200 - "-" "Apache/2.4.10 (Fedora) PHP/5.5.16 (internal dummy connection)"
35.2.66.128 - - [31/Oct/2014:18:00:55 -0400] "GET /search HTTP/1.1" 200 2363 "-" "Mozilla/5.0 (Macintosh; Intel Mac OS X 10_9_5) AppleWebKit/537.36 (KHTML, like Gecko) Chrome/38.0.2125.104 Safari/537.36"
35.2.66.128 - - [31/Oct/2014:18:00:55 -0400] "GET /static/css/bootstrap-3.2.0-dist/css/bootstrap.min.css HTTP/1.1" 304 - "http://eecs485-02.eecs.umich.edu:5616/search" "Mozilla/5.0 (Macintosh; Intel Mac OS X 10_9_5) AppleWebKit/537.36 (KHTML, like Gecko) Chrome/38.0.2125.104 Safari/537.36"
35.2.66.128 - - [31/Oct/2014:18:00:55 -0400] "GET /static/css/style.css HTTP/1.1" 304 - "http://eecs485-02.eecs.umich.edu:5616/search" "Mozilla/5.0 (Macintosh; Intel Mac OS X 10_9_5) AppleWebKit/537.36 (KHTML, like Gecko) Chrome/38.0.2125.104 Safari/537.36"
35.2.66.128 - - [31/Oct/2014:18:00:55 -0400] "GET /static/js/main.js HTTP/1.1" 304 - "http://eecs485-02.eecs.umich.edu:5616/search" "Mozilla/5.0 (Macintosh; Intel Mac OS X 10_9_5) AppleWebKit/537.36 (KHTML, like Gecko) Chrome/38.0.2125.104 Safari/537.36"
35.2.66.128 - - [31/Oct/2014:18:01:03 -0400] "GET /search HTTP/1.1" 200 2285 "-" "Mozilla/5.0 (Macintosh; Intel Mac OS X 10_9_5) AppleWebKit/537.36 (KHTML, like Gecko) Chrome/38.0.2125.104 Safari/537.36"
35.2.66.128 - - [31/Oct/2014:18:01:03 -0400] "GET /static/css/bootstrap-3.2.0-dist/css/bootstrap.min.css HTTP/1.1" 304 - "http://eecs485-02.eecs.umich.edu:5616/search" "Mozilla/5.0 (Macintosh; Intel Mac OS X 10_9_5) AppleWebKit/537.36 (KHTML, like Gecko) Chrome/38.0.2125.104 Safari/537.36"
35.2.66.128 - - [31/Oct/2014:18:01:03 -0400] "GET /static/css/style.css HTTP/1.1" 304 - "http://eecs485-02.eecs.umich.edu:5616/search" "Mozilla/5.0 (Macintosh; Intel Mac OS X 10_9_5) AppleWebKit/537.36 (KHTML, like Gecko) Chrome/38.0.2125.104 Safari/537.36"
35.2.66.128 - - [31/Oct/2014:18:01:03 -0400] "GET /static/js/main.js HTTP/1.1" 304 - "http://eecs485-02.eecs.umich.edu:5616/search" "Mozilla/5.0 (Macintosh; Intel Mac OS X 10_9_5) AppleWebKit/537.36 (KHTML, like Gecko) Chrome/38.0.2125.104 Safari/537.36"
35.2.66.128 - - [31/Oct/2014:18:03:24 -0400] "GET /search HTTP/1.1" 200 3103 "-" "Mozilla/5.0 (Macintosh; Intel Mac OS X 10_9_5) AppleWebKit/537.36 (KHTML, like Gecko) Chrome/38.0.2125.104 Safari/537.36"
35.2.66.128 - - [31/Oct/2014:18:03:24 -0400] "GET /static/css/bootstrap-3.2.0-dist/css/bootstrap.min.css HTTP/1.1" 304 - "http://eecs485-02.eecs.umich.edu:5616/search" "Mozilla/5.0 (Macintosh; Intel Mac OS X 10_9_5) AppleWebKit/537.36 (KHTML, like Gecko) Chrome/38.0.2125.104 Safari/537.36"
35.2.66.128 - - [31/Oct/2014:18:03:24 -0400] "GET /static/css/style.css HTTP/1.1" 304 - "http://eecs485-02.eecs.umich.edu:5616/search" "Mozilla/5.0 (Macintosh; Intel Mac OS X 10_9_5) AppleWebKit/537.36 (KHTML, like Gecko) Chrome/38.0.2125.104 Safari/537.36"
35.2.66.128 - - [31/Oct/2014:18:03:24 -0400] "GET /static/js/main.js HTTP/1.1" 304 - "http://eecs485-02.eecs.umich.edu:5616/search" "Mozilla/5.0 (Macintosh; Intel Mac OS X 10_9_5) AppleWebKit/537.36 (KHTML, like Gecko) Chrome/38.0.2125.104 Safari/537.36"
35.2.77.17 - - [31/Oct/2014:18:04:11 -0400] "GET /search?q=baseball%20back HTTP/1.1" 200 3136 "-" "Mozilla/5.0 (Macintosh; Intel Mac OS X 10_10_0) AppleWebKit/537.36 (KHTML, like Gecko) Chrome/38.0.2125.111 Safari/537.36"
35.2.77.17 - - [31/Oct/2014:18:04:11 -0400] "GET /static/css/bootstrap-3.2.0-dist/css/bootstrap.min.css HTTP/1.1" 304 - "http://eecs485-02.eecs.umich.edu:5616/search?q=baseball%20back" "Mozilla/5.0 (Macintosh; Intel Mac OS X 10_10_0) AppleWebKit/537.36 (KHTML, like Gecko) Chrome/38.0.2125.111 Safari/537.36"
35.2.77.17 - - [31/Oct/2014:18:04:11 -0400] "GET /static/css/style.css HTTP/1.1" 304 - "http://eecs485-02.eecs.umich.edu:5616/search?q=baseball%20back" "Mozilla/5.0 (Macintosh; Intel Mac OS X 10_10_0) AppleWebKit/537.36 (KHTML, like Gecko) Chrome/38.0.2125.111 Safari/537.36"
35.2.77.17 - - [31/Oct/2014:18:04:11 -0400] "GET /static/js/main.js HTTP/1.1" 304 - "http://eecs485-02.eecs.umich.edu:5616/search?q=baseball%20back" "Mozilla/5.0 (Macintosh; Intel Mac OS X 10_10_0) AppleWebKit/537.36 (KHTML, like Gecko) Chrome/38.0.2125.111 Safari/537.36"
35.2.77.17 - - [31/Oct/2014:18:04:44 -0400] "GET /search?q=baseball%20back HTTP/1.1" 200 3136 "-" "Mozilla/5.0 (Macintosh; Intel Mac OS X 10_10_0) AppleWebKit/537.36 (KHTML, like Gecko) Chrome/38.0.2125.111 Safari/537.36"
35.2.77.17 - - [31/Oct/2014:18:04:44 -0400] "GET /static/css/bootstrap-3.2.0-dist/css/bootstrap.min.css HTTP/1.1" 304 - "http://eecs485-02.eecs.umich.edu:5616/search?q=baseball%20back" "Mozilla/5.0 (Macintosh; Intel Mac OS X 10_10_0) AppleWebKit/537.36 (KHTML, like Gecko) Chrome/38.0.2125.111 Safari/537.36"
35.2.77.17 - - [31/Oct/2014:18:04:44 -0400] "GET /static/css/style.css HTTP/1.1" 304 - "http://eecs485-02.eecs.umich.edu:5616/search?q=baseball%20back" "Mozilla/5.0 (Macintosh; Intel Mac OS X 10_10_0) AppleWebKit/537.36 (KHTML, like Gecko) Chrome/38.0.2125.111 Safari/537.36"
35.2.77.17 - - [31/Oct/2014:18:04:44 -0400] "GET /static/js/main.js HTTP/1.1" 304 - "http://eecs485-02.eecs.umich.edu:5616/search?q=baseball%20back" "Mozilla/5.0 (Macintosh; Intel Mac OS X 10_10_0) AppleWebKit/537.36 (KHTML, like Gecko) Chrome/38.0.2125.111 Safari/537.36"
35.2.66.128 - - [31/Oct/2014:18:06:33 -0400] "GET /search HTTP/1.1" 200 2725 "-" "Mozilla/5.0 (Macintosh; Intel Mac OS X 10_9_5) AppleWebKit/537.36 (KHTML, like Gecko) Chrome/38.0.2125.104 Safari/537.36"
35.2.66.128 - - [31/Oct/2014:18:06:33 -0400] "GET /static/css/bootstrap-3.2.0-dist/css/bootstrap.min.css HTTP/1.1" 304 - "http://eecs485-02.eecs.umich.edu:5616/search" "Mozilla/5.0 (Macintosh; Intel Mac OS X 10_9_5) AppleWebKit/537.36 (KHTML, like Gecko) Chrome/38.0.2125.104 Safari/537.36"
35.2.66.128 - - [31/Oct/2014:18:06:33 -0400] "GET /static/css/style.css HTTP/1.1" 304 - "http://eecs485-02.eecs.umich.edu:5616/search" "Mozilla/5.0 (Macintosh; Intel Mac OS X 10_9_5) AppleWebKit/537.36 (KHTML, like Gecko) Chrome/38.0.2125.104 Safari/537.36"
35.2.66.128 - - [31/Oct/2014:18:06:33 -0400] "GET /static/js/main.js HTTP/1.1" 304 - "http://eecs485-02.eecs.umich.edu:5616/search" "Mozilla/5.0 (Macintosh; Intel Mac OS X 10_9_5) AppleWebKit/537.36 (KHTML, like Gecko) Chrome/38.0.2125.104 Safari/537.36"
35.2.66.128 - - [31/Oct/2014:18:07:13 -0400] "GET /search HTTP/1.1" 200 2409 "-" "Mozilla/5.0 (Macintosh; Intel Mac OS X 10_9_5) AppleWebKit/537.36 (KHTML, like Gecko) Chrome/38.0.2125.104 Safari/537.36"
35.2.66.128 - - [31/Oct/2014:18:07:14 -0400] "GET /static/css/bootstrap-3.2.0-dist/css/bootstrap.min.css HTTP/1.1" 304 - "http://eecs485-02.eecs.umich.edu:5616/search" "Mozilla/5.0 (Macintosh; Intel Mac OS X 10_9_5) AppleWebKit/537.36 (KHTML, like Gecko) Chrome/38.0.2125.104 Safari/537.36"
35.2.66.128 - - [31/Oct/2014:18:07:14 -0400] "GET /static/css/style.css HTTP/1.1" 304 - "http://eecs485-02.eecs.umich.edu:5616/search" "Mozilla/5.0 (Macintosh; Intel Mac OS X 10_9_5) AppleWebKit/537.36 (KHTML, like Gecko) Chrome/38.0.2125.104 Safari/537.36"
35.2.66.128 - - [31/Oct/2014:18:07:14 -0400] "GET /static/js/main.js HTTP/1.1" 304 - "http://eecs485-02.eecs.umich.edu:5616/search" "Mozilla/5.0 (Macintosh; Intel Mac OS X 10_9_5) AppleWebKit/537.36 (KHTML, like Gecko) Chrome/38.0.2125.104 Safari/537.36"
35.2.66.128 - - [31/Oct/2014:18:08:21 -0400] "GET /search HTTP/1.1" 200 2411 "-" "Mozilla/5.0 (Macintosh; Intel Mac OS X 10_9_5) AppleWebKit/537.36 (KHTML, like Gecko) Chrome/38.0.2125.104 Safari/537.36"
35.2.66.128 - - [31/Oct/2014:18:08:21 -0400] "GET /static/css/bootstrap-3.2.0-dist/css/bootstrap.min.css HTTP/1.1" 304 - "http://eecs485-02.eecs.umich.edu:5616/search" "Mozilla/5.0 (Macintosh; Intel Mac OS X 10_9_5) AppleWebKit/537.36 (KHTML, like Gecko) Chrome/38.0.2125.104 Safari/537.36"
35.2.66.128 - - [31/Oct/2014:18:08:21 -0400] "GET /static/css/style.css HTTP/1.1" 304 - "http://eecs485-02.eecs.umich.edu:5616/search" "Mozilla/5.0 (Macintosh; Intel Mac OS X 10_9_5) AppleWebKit/537.36 (KHTML, like Gecko) Chrome/38.0.2125.104 Safari/537.36"
35.2.66.128 - - [31/Oct/2014:18:08:21 -0400] "GET /static/js/main.js HTTP/1.1" 304 - "http://eecs485-02.eecs.umich.edu:5616/search" "Mozilla/5.0 (Macintosh; Intel Mac OS X 10_9_5) AppleWebKit/537.36 (KHTML, like Gecko) Chrome/38.0.2125.104 Safari/537.36"
35.2.66.128 - - [31/Oct/2014:18:08:25 -0400] "GET /search?q=baseball,water HTTP/1.1" 200 3137 "-" "Mozilla/5.0 (Macintosh; Intel Mac OS X 10_9_5) AppleWebKit/537.36 (KHTML, like Gecko) Chrome/38.0.2125.104 Safari/537.36"
35.2.66.128 - - [31/Oct/2014:18:08:26 -0400] "GET /search HTTP/1.1" 200 2411 "-" "Mozilla/5.0 (Macintosh; Intel Mac OS X 10_9_5) AppleWebKit/537.36 (KHTML, like Gecko) Chrome/38.0.2125.104 Safari/537.36"
35.2.77.17 - - [31/Oct/2014:18:08:47 -0400] "GET /search?q=baseball%20back HTTP/1.1" 200 3136 "-" "Mozilla/5.0 (Macintosh; Intel Mac OS X 10_10_0) AppleWebKit/537.36 (KHTML, like Gecko) Chrome/38.0.2125.111 Safari/537.36"
35.2.77.17 - - [31/Oct/2014:18:08:47 -0400] "GET /static/css/style.css HTTP/1.1" 304 - "http://eecs485-02.eecs.umich.edu:5616/search?q=baseball%20back" "Mozilla/5.0 (Macintosh; Intel Mac OS X 10_10_0) AppleWebKit/537.36 (KHTML, like Gecko) Chrome/38.0.2125.111 Safari/537.36"
35.2.77.17 - - [31/Oct/2014:18:08:47 -0400] "GET /static/js/main.js HTTP/1.1" 304 - "http://eecs485-02.eecs.umich.edu:5616/search?q=baseball%20back" "Mozilla/5.0 (Macintosh; Intel Mac OS X 10_10_0) AppleWebKit/537.36 (KHTML, like Gecko) Chrome/38.0.2125.111 Safari/537.36"
35.2.77.17 - - [31/Oct/2014:18:08:47 -0400] "GET /static/css/bootstrap-3.2.0-dist/css/bootstrap.min.css HTTP/1.1" 304 - "http://eecs485-02.eecs.umich.edu:5616/search?q=baseball%20back" "Mozilla/5.0 (Macintosh; Intel Mac OS X 10_10_0) AppleWebKit/537.36 (KHTML, like Gecko) Chrome/38.0.2125.111 Safari/537.36"
35.2.66.128 - - [31/Oct/2014:18:09:11 -0400] "GET /search HTTP/1.1" 200 2431 "-" "Mozilla/5.0 (Macintosh; Intel Mac OS X 10_9_5) AppleWebKit/537.36 (KHTML, like Gecko) Chrome/38.0.2125.104 Safari/537.36"
35.2.66.128 - - [31/Oct/2014:18:09:11 -0400] "GET /static/css/bootstrap-3.2.0-dist/css/bootstrap.min.css HTTP/1.1" 304 - "http://eecs485-02.eecs.umich.edu:5616/search" "Mozilla/5.0 (Macintosh; Intel Mac OS X 10_9_5) AppleWebKit/537.36 (KHTML, like Gecko) Chrome/38.0.2125.104 Safari/537.36"
35.2.66.128 - - [31/Oct/2014:18:09:11 -0400] "GET /static/css/style.css HTTP/1.1" 304 - "http://eecs485-02.eecs.umich.edu:5616/search" "Mozilla/5.0 (Macintosh; Intel Mac OS X 10_9_5) AppleWebKit/537.36 (KHTML, like Gecko) Chrome/38.0.2125.104 Safari/537.36"
35.2.66.128 - - [31/Oct/2014:18:09:11 -0400] "GET /static/js/main.js HTTP/1.1" 304 - "http://eecs485-02.eecs.umich.edu:5616/search" "Mozilla/5.0 (Macintosh; Intel Mac OS X 10_9_5) AppleWebKit/537.36 (KHTML, like Gecko) Chrome/38.0.2125.104 Safari/537.36"
35.2.77.17 - - [31/Oct/2014:18:10:54 -0400] "GET /search?q=baseball%20back HTTP/1.1" 200 3136 "-" "Mozilla/5.0 (Macintosh; Intel Mac OS X 10_10_0) AppleWebKit/537.36 (KHTML, like Gecko) Chrome/38.0.2125.111 Safari/537.36"
35.2.77.17 - - [31/Oct/2014:18:10:54 -0400] "GET /static/css/bootstrap-3.2.0-dist/css/bootstrap.min.css HTTP/1.1" 304 - "http://eecs485-02.eecs.umich.edu:5616/search?q=baseball%20back" "Mozilla/5.0 (Macintosh; Intel Mac OS X 10_10_0) AppleWebKit/537.36 (KHTML, like Gecko) Chrome/38.0.2125.111 Safari/537.36"
35.2.77.17 - - [31/Oct/2014:18:10:54 -0400] "GET /static/css/style.css HTTP/1.1" 304 - "http://eecs485-02.eecs.umich.edu:5616/search?q=baseball%20back" "Mozilla/5.0 (Macintosh; Intel Mac OS X 10_10_0) AppleWebKit/537.36 (KHTML, like Gecko) Chrome/38.0.2125.111 Safari/537.36"
35.2.77.17 - - [31/Oct/2014:18:10:54 -0400] "GET /static/js/main.js HTTP/1.1" 304 - "http://eecs485-02.eecs.umich.edu:5616/search?q=baseball%20back" "Mozilla/5.0 (Macintosh; Intel Mac OS X 10_10_0) AppleWebKit/537.36 (KHTML, like Gecko) Chrome/38.0.2125.111 Safari/537.36"
35.2.66.128 - - [31/Oct/2014:18:10:55 -0400] "GET /search HTTP/1.1" 200 2509 "-" "Mozilla/5.0 (Macintosh; Intel Mac OS X 10_9_5) AppleWebKit/537.36 (KHTML, like Gecko) Chrome/38.0.2125.104 Safari/537.36"
35.2.66.128 - - [31/Oct/2014:18:10:55 -0400] "GET /static/css/bootstrap-3.2.0-dist/css/bootstrap.min.css HTTP/1.1" 304 - "http://eecs485-02.eecs.umich.edu:5616/search" "Mozilla/5.0 (Macintosh; Intel Mac OS X 10_9_5) AppleWebKit/537.36 (KHTML, like Gecko) Chrome/38.0.2125.104 Safari/537.36"
35.2.66.128 - - [31/Oct/2014:18:10:55 -0400] "GET /static/js/main.js HTTP/1.1" 304 - "http://eecs485-02.eecs.umich.edu:5616/search" "Mozilla/5.0 (Macintosh; Intel Mac OS X 10_9_5) AppleWebKit/537.36 (KHTML, like Gecko) Chrome/38.0.2125.104 Safari/537.36"
35.2.66.128 - - [31/Oct/2014:18:10:55 -0400] "GET /static/css/style.css HTTP/1.1" 304 - "http://eecs485-02.eecs.umich.edu:5616/search" "Mozilla/5.0 (Macintosh; Intel Mac OS X 10_9_5) AppleWebKit/537.36 (KHTML, like Gecko) Chrome/38.0.2125.104 Safari/537.36"
::1 - - [31/Oct/2014:18:11:02 -0400] "OPTIONS * HTTP/1.0" 200 - "-" "Apache/2.4.10 (Fedora) PHP/5.5.16 (internal dummy connection)"
35.2.77.17 - - [31/Oct/2014:18:11:04 -0400] "GET /search?q=baseball%20back HTTP/1.1" 200 3136 "-" "Mozilla/5.0 (Macintosh; Intel Mac OS X 10_10_0) AppleWebKit/537.36 (KHTML, like Gecko) Chrome/38.0.2125.111 Safari/537.36"
35.2.77.17 - - [31/Oct/2014:18:11:05 -0400] "GET /static/css/bootstrap-3.2.0-dist/css/bootstrap.min.css HTTP/1.1" 304 - "http://eecs485-02.eecs.umich.edu:5616/search?q=baseball%20back" "Mozilla/5.0 (Macintosh; Intel Mac OS X 10_10_0) AppleWebKit/537.36 (KHTML, like Gecko) Chrome/38.0.2125.111 Safari/537.36"
35.2.77.17 - - [31/Oct/2014:18:11:05 -0400] "GET /static/css/style.css HTTP/1.1" 304 - "http://eecs485-02.eecs.umich.edu:5616/search?q=baseball%20back" "Mozilla/5.0 (Macintosh; Intel Mac OS X 10_10_0) AppleWebKit/537.36 (KHTML, like Gecko) Chrome/38.0.2125.111 Safari/537.36"
35.2.77.17 - - [31/Oct/2014:18:11:05 -0400] "GET /static/js/main.js HTTP/1.1" 304 - "http://eecs485-02.eecs.umich.edu:5616/search?q=baseball%20back" "Mozilla/5.0 (Macintosh; Intel Mac OS X 10_10_0) AppleWebKit/537.36 (KHTML, like Gecko) Chrome/38.0.2125.111 Safari/537.36"
35.2.66.128 - - [31/Oct/2014:18:11:50 -0400] "GET /search HTTP/1.1" 200 2515 "-" "Mozilla/5.0 (Macintosh; Intel Mac OS X 10_9_5) AppleWebKit/537.36 (KHTML, like Gecko) Chrome/38.0.2125.104 Safari/537.36"
35.2.66.128 - - [31/Oct/2014:18:11:50 -0400] "GET /static/css/bootstrap-3.2.0-dist/css/bootstrap.min.css HTTP/1.1" 304 - "http://eecs485-02.eecs.umich.edu:5616/search" "Mozilla/5.0 (Macintosh; Intel Mac OS X 10_9_5) AppleWebKit/537.36 (KHTML, like Gecko) Chrome/38.0.2125.104 Safari/537.36"
35.2.66.128 - - [31/Oct/2014:18:11:50 -0400] "GET /static/css/style.css HTTP/1.1" 304 - "http://eecs485-02.eecs.umich.edu:5616/search" "Mozilla/5.0 (Macintosh; Intel Mac OS X 10_9_5) AppleWebKit/537.36 (KHTML, like Gecko) Chrome/38.0.2125.104 Safari/537.36"
35.2.66.128 - - [31/Oct/2014:18:11:50 -0400] "GET /static/js/main.js HTTP/1.1" 304 - "http://eecs485-02.eecs.umich.edu:5616/search" "Mozilla/5.0 (Macintosh; Intel Mac OS X 10_9_5) AppleWebKit/537.36 (KHTML, like Gecko) Chrome/38.0.2125.104 Safari/537.36"
35.2.77.17 - - [31/Oct/2014:18:12:06 -0400] "GET /search?q=baseball%20back HTTP/1.1" 200 3136 "-" "Mozilla/5.0 (Macintosh; Intel Mac OS X 10_10_0) AppleWebKit/537.36 (KHTML, like Gecko) Chrome/38.0.2125.111 Safari/537.36"
35.2.77.17 - - [31/Oct/2014:18:12:06 -0400] "GET /static/css/bootstrap-3.2.0-dist/css/bootstrap.min.css HTTP/1.1" 304 - "http://eecs485-02.eecs.umich.edu:5616/search?q=baseball%20back" "Mozilla/5.0 (Macintosh; Intel Mac OS X 10_10_0) AppleWebKit/537.36 (KHTML, like Gecko) Chrome/38.0.2125.111 Safari/537.36"
35.2.77.17 - - [31/Oct/2014:18:12:06 -0400] "GET /static/css/style.css HTTP/1.1" 304 - "http://eecs485-02.eecs.umich.edu:5616/search?q=baseball%20back" "Mozilla/5.0 (Macintosh; Intel Mac OS X 10_10_0) AppleWebKit/537.36 (KHTML, like Gecko) Chrome/38.0.2125.111 Safari/537.36"
35.2.77.17 - - [31/Oct/2014:18:12:06 -0400] "GET /static/js/main.js HTTP/1.1" 304 - "http://eecs485-02.eecs.umich.edu:5616/search?q=baseball%20back" "Mozilla/5.0 (Macintosh; Intel Mac OS X 10_10_0) AppleWebKit/537.36 (KHTML, like Gecko) Chrome/38.0.2125.111 Safari/537.36"
35.2.66.128 - - [31/Oct/2014:18:12:22 -0400] "GET /search HTTP/1.1" 200 2516 "-" "Mozilla/5.0 (Macintosh; Intel Mac OS X 10_9_5) AppleWebKit/537.36 (KHTML, like Gecko) Chrome/38.0.2125.104 Safari/537.36"
35.2.66.128 - - [31/Oct/2014:18:12:22 -0400] "GET /static/css/bootstrap-3.2.0-dist/css/bootstrap.min.css HTTP/1.1" 304 - "http://eecs485-02.eecs.umich.edu:5616/search" "Mozilla/5.0 (Macintosh; Intel Mac OS X 10_9_5) AppleWebKit/537.36 (KHTML, like Gecko) Chrome/38.0.2125.104 Safari/537.36"
35.2.66.128 - - [31/Oct/2014:18:12:22 -0400] "GET /static/js/main.js HTTP/1.1" 304 - "http://eecs485-02.eecs.umich.edu:5616/search" "Mozilla/5.0 (Macintosh; Intel Mac OS X 10_9_5) AppleWebKit/537.36 (KHTML, like Gecko) Chrome/38.0.2125.104 Safari/537.36"
35.2.66.128 - - [31/Oct/2014:18:12:22 -0400] "GET /static/css/style.css HTTP/1.1" 304 - "http://eecs485-02.eecs.umich.edu:5616/search" "Mozilla/5.0 (Macintosh; Intel Mac OS X 10_9_5) AppleWebKit/537.36 (KHTML, like Gecko) Chrome/38.0.2125.104 Safari/537.36"
35.2.66.128 - - [31/Oct/2014:18:13:05 -0400] "GET /search HTTP/1.1" 200 2513 "-" "Mozilla/5.0 (Macintosh; Intel Mac OS X 10_9_5) AppleWebKit/537.36 (KHTML, like Gecko) Chrome/38.0.2125.104 Safari/537.36"
35.2.66.128 - - [31/Oct/2014:18:13:05 -0400] "GET /static/css/bootstrap-3.2.0-dist/css/bootstrap.min.css HTTP/1.1" 304 - "http://eecs485-02.eecs.umich.edu:5616/search" "Mozilla/5.0 (Macintosh; Intel Mac OS X 10_9_5) AppleWebKit/537.36 (KHTML, like Gecko) Chrome/38.0.2125.104 Safari/537.36"
35.2.66.128 - - [31/Oct/2014:18:13:05 -0400] "GET /static/css/style.css HTTP/1.1" 304 - "http://eecs485-02.eecs.umich.edu:5616/search" "Mozilla/5.0 (Macintosh; Intel Mac OS X 10_9_5) AppleWebKit/537.36 (KHTML, like Gecko) Chrome/38.0.2125.104 Safari/537.36"
35.2.66.128 - - [31/Oct/2014:18:13:05 -0400] "GET /static/js/main.js HTTP/1.1" 304 - "http://eecs485-02.eecs.umich.edu:5616/search" "Mozilla/5.0 (Macintosh; Intel Mac OS X 10_9_5) AppleWebKit/537.36 (KHTML, like Gecko) Chrome/38.0.2125.104 Safari/537.36"
35.2.66.128 - - [31/Oct/2014:18:13:07 -0400] "GET /search? HTTP/1.1" 200 2182 "http://eecs485-02.eecs.umich.edu:5616/search" "Mozilla/5.0 (Macintosh; Intel Mac OS X 10_9_5) AppleWebKit/537.36 (KHTML, like Gecko) Chrome/38.0.2125.104 Safari/537.36"
35.2.66.128 - - [31/Oct/2014:18:13:08 -0400] "GET /search HTTP/1.1" 200 2513 "-" "Mozilla/5.0 (Macintosh; Intel Mac OS X 10_9_5) AppleWebKit/537.36 (KHTML, like Gecko) Chrome/38.0.2125.104 Safari/537.36"
35.2.66.128 - - [31/Oct/2014:18:13:34 -0400] "GET /search HTTP/1.1" 200 2513 "-" "Mozilla/5.0 (Macintosh; Intel Mac OS X 10_9_5) AppleWebKit/537.36 (KHTML, like Gecko) Chrome/38.0.2125.104 Safari/537.36"
35.2.66.128 - - [31/Oct/2014:18:13:34 -0400] "GET /static/css/bootstrap-3.2.0-dist/css/bootstrap.min.css HTTP/1.1" 304 - "http://eecs485-02.eecs.umich.edu:5616/search" "Mozilla/5.0 (Macintosh; Intel Mac OS X 10_9_5) AppleWebKit/537.36 (KHTML, like Gecko) Chrome/38.0.2125.104 Safari/537.36"
35.2.66.128 - - [31/Oct/2014:18:13:34 -0400] "GET /static/css/style.css HTTP/1.1" 304 - "http://eecs485-02.eecs.umich.edu:5616/search" "Mozilla/5.0 (Macintosh; Intel Mac OS X 10_9_5) AppleWebKit/537.36 (KHTML, like Gecko) Chrome/38.0.2125.104 Safari/537.36"
35.2.66.128 - - [31/Oct/2014:18:13:34 -0400] "GET /static/js/main.js HTTP/1.1" 304 - "http://eecs485-02.eecs.umich.edu:5616/search" "Mozilla/5.0 (Macintosh; Intel Mac OS X 10_9_5) AppleWebKit/537.36 (KHTML, like Gecko) Chrome/38.0.2125.104 Safari/537.36"
35.2.77.17 - - [31/Oct/2014:18:13:48 -0400] "GET /search?q=baseball%20back HTTP/1.1" 200 3136 "-" "Mozilla/5.0 (Macintosh; Intel Mac OS X 10_10_0) AppleWebKit/537.36 (KHTML, like Gecko) Chrome/38.0.2125.111 Safari/537.36"
